Microchip Technology Inc, v1.41 (B)

Tool Name:
  c:\program files (x86)\microchip\xc16\v1.41\bin\bin\..\bin/elf-ld.exe

Command:
  -TC:\\Temp\\tmp00011170.00 \
  -TC:\\Temp\\tmp00011170.01 \
  -TC:\\Temp\\tmp00011170.02 \
  -TC:\\Temp\\tmp00011170.03 \
  -TC:\\Temp\\tmp00011170.04 \
  -TC:\\Temp\\tmp00011170.05 \
  -TC:\\Temp\\tmp00011170.06 \
  -p33CK128MP505 \
  --mdfp=C:/Program Files (x86)/Microchip/MPLABX/v5.30/packs/Microchip/dsPIC33CK-MP_DFP/1.2.66/xc16 \
  -o \
  dist/00173_USB_PD_BOB_R21/debug/usb_pd_bob.X.debug.elf \
  -Lc:/program files (x86)/microchip/xc16/v1.41/bin/bin/.. \
  -LC:/Program Files (x86)/Microchip/MPLABX/v5.30/packs/Microchip/dsPIC33CK-MP_DFP/1.2.66/xc16/bin/../support/dsPIC33C/gld \
  -Lc:/program files (x86)/microchip/xc16/v1.41/bin/bin/../../lib \
  -Lc:/program files (x86)/microchip/xc16/v1.41/bin/bin/../../support/PIC24E/gld \
  -Lc:/program files (x86)/microchip/xc16/v1.41/bin/bin/../../support/PIC24F/gld \
  -Lc:/program files (x86)/microchip/xc16/v1.41/bin/bin/../../support/PIC24H/gld \
  -Lc:/program files (x86)/microchip/xc16/v1.41/bin/bin/../../support/dsPIC30F/gld \
  -Lc:/program files (x86)/microchip/xc16/v1.41/bin/bin/../../support/dsPIC33C/gld \
  -Lc:/program files (x86)/microchip/xc16/v1.41/bin/bin/../../support/dsPIC33E/gld \
  -Lc:/program files (x86)/microchip/xc16/v1.41/bin/bin/../../support/dsPIC33F/gld \
  build/00173_USB_PD_BOB_R21/debug/_ext/949971983/fdrv_FaultHandler.o \
  build/00173_USB_PD_BOB_R21/debug/_ext/949971983/fdrv_TrapHandler.o \
  build/00173_USB_PD_BOB_R21/debug/_ext/949971983/fdrv_FaultObjects.o \
  build/00173_USB_PD_BOB_R21/debug/_ext/949971983/os_Initialize.o \
  build/00173_USB_PD_BOB_R21/debug/_ext/949971983/os_Scheduler.o \
  build/00173_USB_PD_BOB_R21/debug/_ext/949971983/os_TaskManager.o \
  build/00173_USB_PD_BOB_R21/debug/_ext/687227054/UserStartupCode.o \
  build/00173_USB_PD_BOB_R21/debug/_ext/687227054/UserAppManager.o \
  build/00173_USB_PD_BOB_R21/debug/_ext/687227054/UserFaultObjects.o \
  build/00173_USB_PD_BOB_R21/debug/_ext/687227054/UserTasks.o \
  build/00173_USB_PD_BOB_R21/debug/_ext/1515990320/smpsDebugUART.o \
  build/00173_USB_PD_BOB_R21/debug/_ext/1515990320/smpsDebugUART_UserCID.o \
  build/00173_USB_PD_BOB_R21/debug/_ext/92048113/debug_uart.o \
  build/00173_USB_PD_BOB_R21/debug/_ext/2109991248/upd_timer.o \
  build/00173_USB_PD_BOB_R21/debug/_ext/553671219/c4swbb_control.o \
  build/00173_USB_PD_BOB_R21/debug/_ext/553671219/c4swbb_pconfig.o \
  build/00173_USB_PD_BOB_R21/debug/_ext/553671219/cha_iloop.o \
  build/00173_USB_PD_BOB_R21/debug/_ext/553671219/cha_vloop.o \
  build/00173_USB_PD_BOB_R21/debug/_ext/553671219/chb_iloop.o \
  build/00173_USB_PD_BOB_R21/debug/_ext/553671219/chb_vloop.o \
  build/00173_USB_PD_BOB_R21/debug/_ext/553671219/c4swbb_write_pwm.o \
  build/00173_USB_PD_BOB_R21/debug/_ext/553671219/cha_iloop_asm.o \
  build/00173_USB_PD_BOB_R21/debug/_ext/553671219/cha_vloop_asm.o \
  build/00173_USB_PD_BOB_R21/debug/_ext/553671219/chb_iloop_asm.o \
  build/00173_USB_PD_BOB_R21/debug/_ext/553671219/chb_vloop_asm.o \
  build/00173_USB_PD_BOB_R21/debug/_ext/1494078692/spi2.o \
  build/00173_USB_PD_BOB_R21/debug/_ext/1666088709/cfg_globals.o \
  build/00173_USB_PD_BOB_R21/debug/_ext/1666088709/debug.o \
  build/00173_USB_PD_BOB_R21/debug/_ext/1666088709/generic_timer.o \
  build/00173_USB_PD_BOB_R21/debug/_ext/1666088709/int_globals.o \
  build/00173_USB_PD_BOB_R21/debug/_ext/1666088709/pd_main.o \
  build/00173_USB_PD_BOB_R21/debug/_ext/1666088709/policy_engine.o \
  build/00173_USB_PD_BOB_R21/debug/_ext/1666088709/policy_engine_fwup.o \
  build/00173_USB_PD_BOB_R21/debug/_ext/1666088709/policy_engine_snk.o \
  build/00173_USB_PD_BOB_R21/debug/_ext/1666088709/policy_engine_src.o \
  build/00173_USB_PD_BOB_R21/debug/_ext/1666088709/policy_manager.o \
  build/00173_USB_PD_BOB_R21/debug/_ext/1666088709/protocol_layer.o \
  build/00173_USB_PD_BOB_R21/debug/_ext/1666088709/typeC_control.o \
  build/00173_USB_PD_BOB_R21/debug/_ext/1666088709/upd_hw.o \
  build/00173_USB_PD_BOB_R21/debug/_ext/1666088709/upd_interrupts.o \
  build/00173_USB_PD_BOB_R21/debug/_ext/481295256/hook_functions.o \
  build/00173_USB_PD_BOB_R21/debug/_ext/481295256/thermal_power_management.o \
  build/00173_USB_PD_BOB_R21/debug/_ext/1838571682/task_Idle.o \
  build/00173_USB_PD_BOB_R21/debug/_ext/1838571682/task_PDStack.o \
  build/00173_USB_PD_BOB_R21/debug/_ext/1838571682/task_PowerControl.o \
  build/00173_USB_PD_BOB_R21/debug/_ext/1838571682/task_DebugUART.o \
  build/00173_USB_PD_BOB_R21/debug/_ext/659850787/apl.o \
  build/00173_USB_PD_BOB_R21/debug/_ext/659857049/hal.o \
  build/00173_USB_PD_BOB_R21/debug/_ext/391766742/config_bits_P33CH.o \
  build/00173_USB_PD_BOB_R21/debug/_ext/391766742/config_bits_P33CK.o \
  build/00173_USB_PD_BOB_R21/debug/_ext/1171588148/init_dsp.o \
  build/00173_USB_PD_BOB_R21/debug/_ext/1171588148/init_fosc.o \
  build/00173_USB_PD_BOB_R21/debug/_ext/1171588148/init_gpio.o \
[...]
Memory Configuration

Name             Origin             Length             Attributes
data             0x001000           0x004000           a !xr
FBOOT            0x801800           0x000002  
reset            0x000000           0x000004  
ivt              0x000004           0x0001fc  
program          0x000200           0x015d00           xr
FSEC             0x015f00           0x000002  
FBSLIM           0x015f10           0x000002  
FSIGN            0x015f14           0x000002  
FOSCSEL          0x015f18           0x000002  
FOSC             0x015f1c           0x000002  
FWDT             0x015f20           0x000002  
FPOR             0x015f24           0x000002  
FICD             0x015f28           0x000002  
FDMTIVTL         0x015f2c           0x000002  
FDMTIVTH         0x015f30           0x000002  
FDMTCNTL         0x015f34           0x000002  
FDMTCNTH         0x015f38           0x000002  
FDMT             0x015f3c           0x000002  
FDEVOPT          0x015f40           0x000002  
FALTREG          0x015f44           0x000002  
FBTSEQ           0x015ffc           0x000002  
*default*        0x000000           0xffffffff  

Linker script and memory map


reserve_data_0x1000
                    0x1000         0x1c
                    0x101c                  . = 0x1c
 *fill*             0x1000         0x1c00

reserve_data_0x101c
                    0x101c          0x2
                    0x101e                  . = 0x2
 *fill*             0x101c          0x200

reserve_data_0x101e
                    0x101e          0x2
                    0x1020                  . = 0x2
 *fill*             0x101e          0x200

reserve_data_0x1020
                    0x1020          0x2
                    0x1022                  . = 0x2
 *fill*             0x1020          0x200

reserve_data_0x1022
                    0x1022          0x2
                    0x1024                  . = 0x2
 *fill*             0x1022          0x200

reserve_data_0x1024
                    0x1024          0x4
                    0x1028                  . = 0x4
 *fill*             0x1024          0x400

reserve_data_0x1028
                    0x1028         0x28
                    0x1050                  . = 0x28
 *fill*             0x1028         0x2800
LOAD build/00173_USB_PD_BOB_R21/debug/_ext/949971983/fdrv_FaultHandler.o
LOAD build/00173_USB_PD_BOB_R21/debug/_ext/949971983/fdrv_TrapHandler.o
LOAD build/00173_USB_PD_BOB_R21/debug/_ext/949971983/fdrv_FaultObjects.o
LOAD build/00173_USB_PD_BOB_R21/debug/_ext/949971983/os_Initialize.o
LOAD build/00173_USB_PD_BOB_R21/debug/_ext/949971983/os_Scheduler.o
LOAD build/00173_USB_PD_BOB_R21/debug/_ext/949971983/os_TaskManager.o
LOAD build/00173_USB_PD_BOB_R21/debug/_ext/687227054/UserStartupCode.o
LOAD build/00173_USB_PD_BOB_R21/debug/_ext/687227054/UserAppManager.o
LOAD build/00173_USB_PD_BOB_R21/debug/_ext/687227054/UserFaultObjects.o
LOAD build/00173_USB_PD_BOB_R21/debug/_ext/687227054/UserTasks.o
LOAD build/00173_USB_PD_BOB_R21/debug/_ext/1515990320/smpsDebugUART.o
LOAD build/00173_USB_PD_BOB_R21/debug/_ext/1515990320/smpsDebugUART_UserCID.o
LOAD build/00173_USB_PD_BOB_R21/debug/_ext/92048113/debug_uart.o
LOAD build/00173_USB_PD_BOB_R21/debug/_ext/2109991248/upd_timer.o
LOAD build/00173_USB_PD_BOB_R21/debug/_ext/553671219/c4swbb_control.o
LOAD build/00173_USB_PD_BOB_R21/debug/_ext/553671219/c4swbb_pconfig.o
LOAD build/00173_USB_PD_BOB_R21/debug/_ext/553671219/cha_iloop.o
LOAD build/00173_USB_PD_BOB_R21/debug/_ext/553671219/cha_vloop.o
LOAD build/00173_USB_PD_BOB_R21/debug/_ext/553671219/chb_iloop.o
LOAD build/00173_USB_PD_BOB_R21/debug/_ext/553671219/chb_vloop.o
LOAD build/00173_USB_PD_BOB_R21/debug/_ext/553671219/c4swbb_write_pwm.o
LOAD build/00173_USB_PD_BOB_R21/debug/_ext/553671219/cha_iloop_asm.o
LOAD build/00173_USB_PD_BOB_R21/debug/_ext/553671219/cha_vloop_asm.o
LOAD build/00173_USB_PD_BOB_R21/debug/_ext/553671219/chb_iloop_asm.o
LOAD build/00173_USB_PD_BOB_R21/debug/_ext/553671219/chb_vloop_asm.o
LOAD build/00173_USB_PD_BOB_R21/debug/_ext/1494078692/spi2.o
LOAD build/00173_USB_PD_BOB_R21/debug/_ext/1666088709/cfg_globals.o
LOAD build/00173_USB_PD_BOB_R21/debug/_ext/1666088709/debug.o
LOAD build/00173_USB_PD_BOB_R21/debug/_ext/1666088709/generic_timer.o
LOAD build/00173_USB_PD_BOB_R21/debug/_ext/1666088709/int_globals.o
LOAD build/00173_USB_PD_BOB_R21/debug/_ext/1666088709/pd_main.o
LOAD build/00173_USB_PD_BOB_R21/debug/_ext/1666088709/policy_engine.o
LOAD build/00173_USB_PD_BOB_R21/debug/_ext/1666088709/policy_engine_fwup.o
LOAD build/00173_USB_PD_BOB_R21/debug/_ext/1666088709/policy_engine_snk.o
LOAD build/00173_USB_PD_BOB_R21/debug/_ext/1666088709/policy_engine_src.o
LOAD build/00173_USB_PD_BOB_R21/debug/_ext/1666088709/policy_manager.o
LOAD build/00173_USB_PD_BOB_R21/debug/_ext/1666088709/protocol_layer.o
LOAD build/00173_USB_PD_BOB_R21/debug/_ext/1666088709/typeC_control.o
LOAD build/00173_USB_PD_BOB_R21/debug/_ext/1666088709/upd_hw.o
LOAD build/00173_USB_PD_BOB_R21/debug/_ext/1666088709/upd_interrupts.o
LOAD build/00173_USB_PD_BOB_R21/debug/_ext/481295256/hook_functions.o
LOAD build/00173_USB_PD_BOB_R21/debug/_ext/481295256/thermal_power_management.o
LOAD build/00173_USB_PD_BOB_R21/debug/_ext/1838571682/task_Idle.o
LOAD build/00173_USB_PD_BOB_R21/debug/_ext/1838571682/task_PDStack.o
LOAD build/00173_USB_PD_BOB_R21/debug/_ext/1838571682/task_PowerControl.o
LOAD build/00173_USB_PD_BOB_R21/debug/_ext/1838571682/task_DebugUART.o
LOAD build/00173_USB_PD_BOB_R21/debug/_ext/659850787/apl.o
LOAD build/00173_USB_PD_BOB_R21/debug/_ext/659857049/hal.o
LOAD build/00173_USB_PD_BOB_R21/debug/_ext/391766742/config_bits_P33CH.o
LOAD build/00173_USB_PD_BOB_R21/debug/_ext/391766742/config_bits_P33CK.o
LOAD build/00173_USB_PD_BOB_R21/debug/_ext/1171588148/init_dsp.o
LOAD build/00173_USB_PD_BOB_R21/debug/_ext/1171588148/init_fosc.o
LOAD build/00173_USB_PD_BOB_R21/debug/_ext/1171588148/init_gpio.o
LOAD build/00173_USB_PD_BOB_R21/debug/_ext/1171588148/init_irq.o
LOAD build/00173_USB_PD_BOB_R21/debug/_ext/1171588148/init_timer.o
LOAD build/00173_USB_PD_BOB_R21/debug/_ext/1019117317/mcal.o
LOAD build/00173_USB_PD_BOB_R21/debug/_ext/659867775/sfl.o
LOAD build/00173_USB_PD_BOB_R21/debug/_ext/1360937237/main.o
LOAD ..\..\plib\p33SMPS_mcal.X\dist\__P33SMPS_CK__\debug\p33SMPS_mcal.X.a
                    0x0001                  __MPLAB_BUILD = 0x1
                    0x0001                  __MPLAB_DEBUG = 0x1
                    0x0001                  __DEBUG = 0x1
                    0x0001                  __MPLAB_DEBUGGER_ICD4 = 0x1
LOAD p33CK128MP505
LOAD c:/program files (x86)/microchip/xc16/v1.41/bin/bin/../../lib\libfx-elf.a
                    0x801034                  _iwri1 = 0x801034
                    0x801038                  _iwri2 = 0x801038
                    0x801800                  __FBOOT = 0x801800
                    0x15f00                  __FSEC = 0x15f00
                    0x15f10                  __FBSLIM = 0x15f10
                    0x15f14                  __FSIGN = 0x15f14
                    0x15f18                  __FOSCSEL = 0x15f18
                    0x15f1c                  __FOSC = 0x15f1c
                    0x15f20                  __FWDT = 0x15f20
                    0x15f24                  __FPOR = 0x15f24
                    0x15f28                  __FICD = 0x15f28
                    0x15f2c                  __FDMTIVTL = 0x15f2c
                    0x15f30                  __FDMTIVTH = 0x15f30
                    0x15f34                  __FDMTCNTL = 0x15f34
                    0x15f38                  __FDMTCNTH = 0x15f38
                    0x15f3c                  __FDMT = 0x15f3c
                    0x15f40                  __FDEVOPT = 0x15f40
                    0x15f44                  __FALTREG = 0x15f44
                    0x15ffc                  __FBTSEQ = 0x15ffc
                    0x0200                  __CODE_BASE = 0x200
                    0x15d00                  __CODE_LENGTH = 0x15d00
                    0x0004                  __IVT_BASE = 0x4
                    0x1000                  __DATA_BASE = 0x1000
                    0x4000                  __DATA_LENGTH = 0x4000
                    0x3000                  __YDATA_BASE = 0x3000

.reset            0x000000          0x4
                  0x000000          0x2 SHORT 0x200 ABSOLUTE (__reset)
                  0x000001          0x2 SHORT 0x4
                  0x000002          0x2 SHORT 0x0 ((ABSOLUTE (__reset) >> 0x10) & 0x7f)
                  0x000003          0x2 SHORT 0x0

.text             0x000200       0x1344
 *(.init)
 .init            0x000200         0x48 c:/program files (x86)/microchip/xc16/v1.41/bin/bin/../../lib\liblega-pic30-elf.a(crt0_extendedch.o)
                  0x000200                  __resetPRI
                  0x000200                  __reset
                  0x00023c                  __psv_init
 .init            0x000248         0xb2 c:/program files (x86)/microchip/xc16/v1.41/bin/bin/../../lib\liblega-pic30-elf.a(data_init_extendedch.o)
                  0x000248                  __data_init
                  0x000248                  __data_init_extended
 *(.user_init)
 *(.handle)
 .handle          0x0002fa        0x104 jump_table
 *(.isr*)
 .isr.text        0x0003fe        0x130 build/00173_USB_PD_BOB_R21/debug/_ext/949971983/fdrv_TrapHandler.o
                  0x0003fe                  __ReservedTrap5
                  0x000424                  __ReservedTrap7
                  0x00044a                  __HardTrapError
                  0x000470                  __SoftTrapError
                  0x000496                  __OscillatorFail
                  0x0004bc                  __AddressError
                  0x0004e2                  __StackError
                  0x000508                  __MathError
 .isr.text        0x00052e        0x2ae build/00173_USB_PD_BOB_R21/debug/_ext/1515990320/smpsDebugUART.o
                  0x00052e                  __U3RXInterrupt
                  0x000772                  __U3EInterrupt
 .isr.text        0x0007dc         0x2e build/00173_USB_PD_BOB_R21/debug/_ext/2109991248/upd_timer.o
                  0x0007dc                  __CCT7Interrupt
 .isr.text        0x00080a         0xd4 build/00173_USB_PD_BOB_R21/debug/_ext/1838571682/task_PowerControl.o
                  0x00080a                  __ADCAN16Interrupt
                  0x000844                  __ADCAN18Interrupt
                  0x000872                  __ADCAN4Interrupt
                  0x0008b0                  __ADCAN9Interrupt
 .isr             0x0008de          0x4 default_isr
                  0x0008de                  __DefaultInterrupt
 *(.libc)
 *(.libm)
 *(.libdsp)
 *(.lib*)
 .libpic30_crt_start_mode
                  0x0008e2          0x2 c:/program files (x86)/microchip/xc16/v1.41/bin/bin/../../lib\liblega-pic30-elf.a(crt_start_mode_normalch.Leo)
                  0x0008e2                  __crt_start_mode
                  0x0008e2                  __crt_start_mode_normal
 .libm.divfs3     0x0008e4         0x84 c:/program files (x86)/microchip/xc16/v1.41/bin/bin/../../lib\libm-elf.a(divsf3.cheo)
                  0x0008e4                  ___divsf3
 .libm.divsi3     0x000968         0x1e c:/program files (x86)/microchip/xc16/v1.41/bin/bin/../../lib\libm-elf.a(divsi3.cheo)
                  0x000968                  ___divsi3
 .libm.eqsf2      0x000986          0x4 c:/program files (x86)/microchip/xc16/v1.41/bin/bin/../../lib\libm-elf.a(feqltle.cheo)
                  0x000986                  ___eqsf2
                  0x000986                  ___ltsf2
                  0x000986                  ___lesf2
 .libm.fixunssfsi
                  0x00098a         0x36 c:/program files (x86)/microchip/xc16/v1.41/bin/bin/../../lib\libm-elf.a(fixunssfsi.cheo)
                  0x00098a                  ___fixunssfsi
 .libm.floatunsisf
                  0x0009c0          0x4 c:/program files (x86)/microchip/xc16/v1.41/bin/bin/../../lib\libm-elf.a(floatunsisf.cheo)
                  0x0009c0                  ___floatunsisf
 .libm.fpack      0x0009c4         0x4c c:/program files (x86)/microchip/xc16/v1.41/bin/bin/../../lib\libm-elf.a(fpack.cheo)
                  0x0009c4                  __fpack
 .libm.funpack    0x000a10         0x2a c:/program files (x86)/microchip/xc16/v1.41/bin/bin/../../lib\libm-elf.a(funpack.cheo)
                  0x000a10                  __funpack
 .libm.funpack2
                  0x000a3a         0x10 c:/program files (x86)/microchip/xc16/v1.41/bin/bin/../../lib\libm-elf.a(funpack2.cheo)
                  0x000a3a                  __funpack2
 .libm.fPropagateNaN
                  0x000a4a         0x12 c:/program files (x86)/microchip/xc16/v1.41/bin/bin/../../lib\libm-elf.a(futil.cheo)
                  0x000a4a                  __fPropagateNaN
 .libm.fbobExit
                  0x000a5c          0x8 c:/program files (x86)/microchip/xc16/v1.41/bin/bin/../../lib\libm-elf.a(futil.cheo)
                  0x000a5c                  __fbopExit
 .libm.fbopReturnNaN
                  0x000a64          0x6 c:/program files (x86)/microchip/xc16/v1.41/bin/bin/../../lib\libm-elf.a(futil.cheo)
                  0x000a64                  __fbopReturnNaN
 .libm.mulsf3     0x000a6a         0x68 c:/program files (x86)/microchip/xc16/v1.41/bin/bin/../../lib\libm-elf.a(mulsf3.cheo)
                  0x000a6a                  ___mulsf3
 .libm.udivsi3    0x000ad2         0x20 c:/program files (x86)/microchip/xc16/v1.41/bin/bin/../../lib\libm-elf.a(udivsi3.cheo)
                  0x000ad2                  ___udivsi3
 .libm.fcompare
                  0x000af2         0x36 c:/program files (x86)/microchip/xc16/v1.41/bin/bin/../../lib\libm-elf.a(fcompare.cheo)
                  0x000af2                  __fcompare
 .libm.floatundisf
                  0x000b28         0x5e c:/program files (x86)/microchip/xc16/v1.41/bin/bin/../../lib\libm-elf.a(floatundisf.cheo)
                  0x000b28                  ___floatundisf
 .libc.prout      0x000b86          0xe c:/program files (x86)/microchip/xc16/v1.41/bin/bin/../../lib\liblega-c-elf.a(sprintf_cdnopuxX.CHeo)
                  0x000b86                  sprintf_cdnopuxX.CHeo:_prout
 .libc._sprintf_cdnopuxX
                  0x000b94         0x1e c:/program files (x86)/microchip/xc16/v1.41/bin/bin/../../lib\liblega-c-elf.a(sprintf_cdnopuxX.CHeo)
                  0x000b94                  __sprintf_cdnopuxX
 .libc.memcpy     0x000bb2          0xe c:/program files (x86)/microchip/xc16/v1.41/bin/bin/../../lib\liblega-c-elf.a(memcpy.CH_eo)
                  0x000bb2                  _memcpy
 .libc.__Printf_cdnopuxX
                  0x000bc0        0x164 c:/program files (x86)/microchip/xc16/v1.41/bin/bin/../../lib\liblega-c-elf.a(xprintf_cdnopuxX.CHeo)
                  0x000bc0                  ___Printf_cdnopuxX
 .libc.strchr     0x000d24         0x18 c:/program files (x86)/microchip/xc16/v1.41/bin/bin/../../lib\liblega-c-elf.a(strchr.CH_eo)
                  0x000d24                  _strchr
 .libc._Puttxt    0x000d3c        0x178 c:/program files (x86)/microchip/xc16/v1.41/bin/bin/../../lib\liblega-c-elf.a(xputtxt.CH_eo)
                  0x000d3c                  __Puttxt
 .libc._Vacopy    0x000eb4          0x4 c:/program files (x86)/microchip/xc16/v1.41/bin/bin/../../lib\liblega-c-elf.a(xvacopy.CH_eo)
                  0x000eb4                  __Vacopy
 .libc.__Putfld_cdnopuxX
                  0x000eb8        0x224 c:/program files (x86)/microchip/xc16/v1.41/bin/bin/../../lib\liblega-c-elf.a(xputfld_cdnopuxX.CHeo)
                  0x000eb8                  ___Putfld_cdnopuxX
 .libc._Litob     0x0010dc        0x25e c:/program files (x86)/microchip/xc16/v1.41/bin/bin/../../lib\liblega-c-elf.a(xlitob.CH_eo)
                  0x0010dc                  __Litob
 .libm.umodsi3    0x00133a          0x6 c:/program files (x86)/microchip/xc16/v1.41/bin/bin/../../lib\libm-elf.a(umodsi3.cheo)
                  0x00133a                  ___umodsi3
 .libm.__PplusBdi
                  0x001340         0x26 c:/program files (x86)/microchip/xc16/v1.41/bin/bin/../../lib\libm-elf.a(divmoddi3.cheo)
 .libm.__PminusBdi
                  0x001366         0x26 c:/program files (x86)/microchip/xc16/v1.41/bin/bin/../../lib\libm-elf.a(divmoddi3.cheo)
 .libm.__udivmoddi3
                  0x00138c         0xe6 c:/program files (x86)/microchip/xc16/v1.41/bin/bin/../../lib\libm-elf.a(divmoddi3.cheo)
                  0x00138c                  ___udivmoddi3
 .libm.__udivdi3
                  0x001472          0xe c:/program files (x86)/microchip/xc16/v1.41/bin/bin/../../lib\libm-elf.a(divmoddi3.cheo)
                  0x001472                  ___udivdi3
 .libm.__umoddi3
                  0x001480          0x8 c:/program files (x86)/microchip/xc16/v1.41/bin/bin/../../lib\libm-elf.a(divmoddi3.cheo)
                  0x001480                  ___umoddi3
 .libm.__divdi3
                  0x001488         0x60 c:/program files (x86)/microchip/xc16/v1.41/bin/bin/../../lib\libm-elf.a(divmoddi3.cheo)
                  0x001488                  ___divdi3
 .libm.__moddi3
                  0x0014e8         0x5c c:/program files (x86)/microchip/xc16/v1.41/bin/bin/../../lib\libm-elf.a(divmoddi3.cheo)
                  0x0014e8                  ___moddi3

usercode
 *(usercode)

__FBOOT
 *(__FBOOT.sec*)

__FSEC            0x015f00          0x2
 *(__FSEC.sec*)
 __FSEC.sec       0x015f00          0x2 /CW/_FSEC
                  0x015f00                  __FSEC.sec

__FBSLIM
 *(__FBSLIM.sec*)

__FSIGN
 *(__FSIGN.sec*)

__FOSCSEL
 *(__FOSCSEL.sec*)

__FOSC
 *(__FOSC.sec*)

__FWDT
 *(__FWDT.sec*)

__FPOR
 *(__FPOR.sec*)

__FICD
 *(__FICD.sec*)

__FDMTIVTL
 *(__FDMTIVTL.sec*)

__FDMTIVTH
 *(__FDMTIVTH.sec*)

__FDMTCNTL
 *(__FDMTCNTL.sec*)

__FDMTCNTH
 *(__FDMTCNTH.sec*)

__FDMT
 *(__FDMT.sec*)

__FDEVOPT
 *(__FDEVOPT.sec*)

__FALTREG
 *(__FALTREG.sec*)

__FBTSEQ
 *(__FBTSEQ.sec*)

.comment
 *(.comment)

.debug_info       0x000000      0x5b285
 *(.debug_info)
 .debug_info      0x000000       0x1da7 build/00173_USB_PD_BOB_R21/debug/_ext/949971983/fdrv_FaultHandler.o
 .debug_info      0x001da7        0xbf7 build/00173_USB_PD_BOB_R21/debug/_ext/949971983/fdrv_TrapHandler.o
 .debug_info      0x00299e       0x18ba build/00173_USB_PD_BOB_R21/debug/_ext/949971983/fdrv_FaultObjects.o
 .debug_info      0x004258        0x278 build/00173_USB_PD_BOB_R21/debug/_ext/949971983/os_Initialize.o
 .debug_info      0x0044d0       0x1085 build/00173_USB_PD_BOB_R21/debug/_ext/949971983/os_Scheduler.o
 .debug_info      0x005555        0xf03 build/00173_USB_PD_BOB_R21/debug/_ext/949971983/os_TaskManager.o
 .debug_info      0x006458        0x1a3 build/00173_USB_PD_BOB_R21/debug/_ext/687227054/UserStartupCode.o
 .debug_info      0x0065fb        0x3b6 build/00173_USB_PD_BOB_R21/debug/_ext/687227054/UserAppManager.o
 .debug_info      0x0069b1       0x1ee2 build/00173_USB_PD_BOB_R21/debug/_ext/687227054/UserFaultObjects.o
 .debug_info      0x008893        0x57d build/00173_USB_PD_BOB_R21/debug/_ext/687227054/UserTasks.o
 .debug_info      0x008e10       0x3de2 build/00173_USB_PD_BOB_R21/debug/_ext/1515990320/smpsDebugUART.o
 .debug_info      0x00cbf2        0x4f4 build/00173_USB_PD_BOB_R21/debug/_ext/1515990320/smpsDebugUART_UserCID.o
 .debug_info      0x00d0e6        0xad9 build/00173_USB_PD_BOB_R21/debug/_ext/92048113/debug_uart.o
 .debug_info      0x00dbbf        0x7d0 build/00173_USB_PD_BOB_R21/debug/_ext/2109991248/upd_timer.o
 .debug_info      0x00e38f       0x1aad build/00173_USB_PD_BOB_R21/debug/_ext/553671219/c4swbb_control.o
 .debug_info      0x00fe3c       0xcdd2 build/00173_USB_PD_BOB_R21/debug/_ext/553671219/c4swbb_pconfig.o
 .debug_info      0x01cc0e        0x993 build/00173_USB_PD_BOB_R21/debug/_ext/553671219/cha_iloop.o
 .debug_info      0x01d5a1        0x993 build/00173_USB_PD_BOB_R21/debug/_ext/553671219/cha_vloop.o
 .debug_info      0x01df34        0x993 build/00173_USB_PD_BOB_R21/debug/_ext/553671219/chb_iloop.o
 .debug_info      0x01e8c7        0x993 build/00173_USB_PD_BOB_R21/debug/_ext/553671219/chb_vloop.o
 .debug_info      0x01f25a         0xbe build/00173_USB_PD_BOB_R21/debug/_ext/553671219/c4swbb_write_pwm.o
 .debug_info      0x01f318         0xbb build/00173_USB_PD_BOB_R21/debug/_ext/553671219/cha_iloop_asm.o
 .debug_info      0x01f3d3         0xbb build/00173_USB_PD_BOB_R21/debug/_ext/553671219/cha_vloop_asm.o
 .debug_info      0x01f48e         0xbb build/00173_USB_PD_BOB_R21/debug/_ext/553671219/chb_iloop_asm.o
 .debug_info      0x01f549         0xbb build/00173_USB_PD_BOB_R21/debug/_ext/553671219/chb_vloop_asm.o
 .debug_info      0x01f604        0xef8 build/00173_USB_PD_BOB_R21/debug/_ext/1494078692/spi2.o
 .debug_info      0x0204fc        0x3ef build/00173_USB_PD_BOB_R21/debug/_ext/1666088709/cfg_globals.o
 .debug_info      0x0208eb        0x31a build/00173_USB_PD_BOB_R21/debug/_ext/1666088709/debug.o
 .debug_info      0x020c05       0x1b26 build/00173_USB_PD_BOB_R21/debug/_ext/1666088709/generic_timer.o
 .debug_info      0x02272b       0x1cf5 build/00173_USB_PD_BOB_R21/debug/_ext/1666088709/int_globals.o
 .debug_info      0x024420        0x416 build/00173_USB_PD_BOB_R21/debug/_ext/1666088709/pd_main.o
 .debug_info      0x024836       0x2729 build/00173_USB_PD_BOB_R21/debug/_ext/1666088709/policy_engine.o
 .debug_info      0x026f5f        0x166 build/00173_USB_PD_BOB_R21/debug/_ext/1666088709/policy_engine_fwup.o
 .debug_info      0x0270c5        0x165 build/00173_USB_PD_BOB_R21/debug/_ext/1666088709/policy_engine_snk.o
 .debug_info      0x02722a       0x1ab0 build/00173_USB_PD_BOB_R21/debug/_ext/1666088709/policy_engine_src.o
 .debug_info      0x028cda       0x217d build/00173_USB_PD_BOB_R21/debug/_ext/1666088709/policy_manager.o
 .debug_info      0x02ae57       0x1ced build/00173_USB_PD_BOB_R21/debug/_ext/1666088709/protocol_layer.o
 .debug_info      0x02cb44       0x2c09 build/00173_USB_PD_BOB_R21/debug/_ext/1666088709/typeC_control.o
 .debug_info      0x02f74d       0x1213 build/00173_USB_PD_BOB_R21/debug/_ext/1666088709/upd_hw.o
 .debug_info      0x030960        0x211 build/00173_USB_PD_BOB_R21/debug/_ext/1666088709/upd_interrupts.o
 .debug_info      0x030b71       0x26c7 build/00173_USB_PD_BOB_R21/debug/_ext/481295256/hook_functions.o
 .debug_info      0x033238        0x79e build/00173_USB_PD_BOB_R21/debug/_ext/481295256/thermal_power_management.o
 .debug_info      0x0339d6        0x167 build/00173_USB_PD_BOB_R21/debug/_ext/1838571682/task_Idle.o
 .debug_info      0x033b3d        0x615 build/00173_USB_PD_BOB_R21/debug/_ext/1838571682/task_PDStack.o
 .debug_info      0x034152       0x3b94 build/00173_USB_PD_BOB_R21/debug/_ext/1838571682/task_PowerControl.o
 .debug_info      0x037ce6       0x1e15 build/00173_USB_PD_BOB_R21/debug/_ext/1838571682/task_DebugUART.o
 .debug_info      0x039afb        0x151 build/00173_USB_PD_BOB_R21/debug/_ext/659850787/apl.o
 .debug_info      0x039c4c        0x151 build/00173_USB_PD_BOB_R21/debug/_ext/659857049/hal.o
 .debug_info      0x039d9d        0x167 build/00173_USB_PD_BOB_R21/debug/_ext/391766742/config_bits_P33CK.o
 .debug_info      0x039f04        0x4cb build/00173_USB_PD_BOB_R21/debug/_ext/1171588148/init_dsp.o
 .debug_info      0x03a3cf        0x354 build/00173_USB_PD_BOB_R21/debug/_ext/1171588148/init_fosc.o
 .debug_info      0x03a723        0x19f build/00173_USB_PD_BOB_R21/debug/_ext/1171588148/init_gpio.o
 .debug_info      0x03a8c2       0x261a build/00173_USB_PD_BOB_R21/debug/_ext/1171588148/init_irq.o
 .debug_info      0x03cedc        0x73a build/00173_USB_PD_BOB_R21/debug/_ext/1171588148/init_timer.o
 .debug_info      0x03d616        0x153 build/00173_USB_PD_BOB_R21/debug/_ext/1019117317/mcal.o
 .debug_info      0x03d769        0x129 build/00173_USB_PD_BOB_R21/debug/_ext/659867775/sfl.o
 .debug_info      0x03d892        0x166 build/00173_USB_PD_BOB_R21/debug/_ext/1360937237/main.o
 .debug_info      0x03d9f8       0xa489 ..\..\plib\p33SMPS_mcal.X\dist\__P33SMPS_CK__\debug\p33SMPS_mcal.X.a(p33SMPS_hsadc.o)
 .debug_info      0x047e81       0x463a ..\..\plib\p33SMPS_mcal.X\dist\__P33SMPS_CK__\debug\p33SMPS_mcal.X.a(p33SMPS_oscillator.o)
 .debug_info      0x04c4bb        0xefb ..\..\plib\p33SMPS_mcal.X\dist\__P33SMPS_CK__\debug\p33SMPS_mcal.X.a(p33SMPS_timer.o)
 .debug_info      0x04d3b6        0x319 ..\..\plib\p33SMPS_mcal.X\dist\__P33SMPS_CK__\debug\p33SMPS_mcal.X.a(p33SMPS_pmd.o)
 .debug_info      0x04d6cf        0x389 ..\..\plib\p33SMPS_mcal.X\dist\__P33SMPS_CK__\debug\p33SMPS_mcal.X.a(p33SMPS_pps.o)
 .debug_info      0x04da58       0x2e66 ..\..\plib\p33SMPS_mcal.X\dist\__P33SMPS_CK__\debug\p33SMPS_mcal.X.a(p33SMPS_irq.o)
 .debug_info      0x0508be        0xa9b ..\..\plib\p33SMPS_mcal.X\dist\__P33SMPS_CK__\debug\p33SMPS_mcal.X.a(p33SMPS_gpio.o)
 .debug_info      0x051359       0x38ee ..\..\plib\p33SMPS_mcal.X\dist\__P33SMPS_CK__\debug\p33SMPS_mcal.X.a(p33SMPS_uart.o)
 .debug_info      0x054c47       0x5551 ..\..\plib\p33SMPS_mcal.X\dist\__P33SMPS_CK__\debug\p33SMPS_mcal.X.a(p33SMPS_hspwm_c.o)
 .debug_info      0x05a198       0x10ed ..\..\plib\p33SMPS_mcal.X\dist\__P33SMPS_CK__\debug\p33SMPS_mcal.X.a(p33SMPS_crc.o)
 *(.gnu.linkonce.wi.*)

.debug_abbrev     0x000000       0x500e
 *(.debug_abbrev)
 .debug_abbrev    0x000000        0x273 build/00173_USB_PD_BOB_R21/debug/_ext/949971983/fdrv_FaultHandler.o
 .debug_abbrev    0x000273        0x1b8 build/00173_USB_PD_BOB_R21/debug/_ext/949971983/fdrv_TrapHandler.o
 .debug_abbrev    0x00042b        0x16e build/00173_USB_PD_BOB_R21/debug/_ext/949971983/fdrv_FaultObjects.o
 .debug_abbrev    0x000599         0x88 build/00173_USB_PD_BOB_R21/debug/_ext/949971983/os_Initialize.o
 .debug_abbrev    0x000621        0x173 build/00173_USB_PD_BOB_R21/debug/_ext/949971983/os_Scheduler.o
 .debug_abbrev    0x000794        0x18e build/00173_USB_PD_BOB_R21/debug/_ext/949971983/os_TaskManager.o
 .debug_abbrev    0x000922         0x4a build/00173_USB_PD_BOB_R21/debug/_ext/687227054/UserStartupCode.o
 .debug_abbrev    0x00096c         0xd4 build/00173_USB_PD_BOB_R21/debug/_ext/687227054/UserAppManager.o
 .debug_abbrev    0x000a40        0x1bf build/00173_USB_PD_BOB_R21/debug/_ext/687227054/UserFaultObjects.o
 .debug_abbrev    0x000bff         0xf0 build/00173_USB_PD_BOB_R21/debug/_ext/687227054/UserTasks.o
 .debug_abbrev    0x000cef        0x290 build/00173_USB_PD_BOB_R21/debug/_ext/1515990320/smpsDebugUART.o
 .debug_abbrev    0x000f7f         0xd8 build/00173_USB_PD_BOB_R21/debug/_ext/1515990320/smpsDebugUART_UserCID.o
 .debug_abbrev    0x001057        0x1c3 build/00173_USB_PD_BOB_R21/debug/_ext/92048113/debug_uart.o
 .debug_abbrev    0x00121a         0xdc build/00173_USB_PD_BOB_R21/debug/_ext/2109991248/upd_timer.o
 .debug_abbrev    0x0012f6        0x234 build/00173_USB_PD_BOB_R21/debug/_ext/553671219/c4swbb_control.o
 .debug_abbrev    0x00152a        0x278 build/00173_USB_PD_BOB_R21/debug/_ext/553671219/c4swbb_pconfig.o
 .debug_abbrev    0x0017a2        0x108 build/00173_USB_PD_BOB_R21/debug/_ext/553671219/cha_iloop.o
 .debug_abbrev    0x0018aa        0x108 build/00173_USB_PD_BOB_R21/debug/_ext/553671219/cha_vloop.o
 .debug_abbrev    0x0019b2        0x108 build/00173_USB_PD_BOB_R21/debug/_ext/553671219/chb_iloop.o
 .debug_abbrev    0x001aba        0x108 build/00173_USB_PD_BOB_R21/debug/_ext/553671219/chb_vloop.o
 .debug_abbrev    0x001bc2         0x14 build/00173_USB_PD_BOB_R21/debug/_ext/553671219/c4swbb_write_pwm.o
 .debug_abbrev    0x001bd6         0x14 build/00173_USB_PD_BOB_R21/debug/_ext/553671219/cha_iloop_asm.o
 .debug_abbrev    0x001bea         0x14 build/00173_USB_PD_BOB_R21/debug/_ext/553671219/cha_vloop_asm.o
 .debug_abbrev    0x001bfe         0x14 build/00173_USB_PD_BOB_R21/debug/_ext/553671219/chb_iloop_asm.o
 .debug_abbrev    0x001c12         0x14 build/00173_USB_PD_BOB_R21/debug/_ext/553671219/chb_vloop_asm.o
 .debug_abbrev    0x001c26        0x1a6 build/00173_USB_PD_BOB_R21/debug/_ext/1494078692/spi2.o
 .debug_abbrev    0x001dcc         0xab build/00173_USB_PD_BOB_R21/debug/_ext/1666088709/cfg_globals.o
 .debug_abbrev    0x001e77         0x8a build/00173_USB_PD_BOB_R21/debug/_ext/1666088709/debug.o
 .debug_abbrev    0x001f01        0x1a9 build/00173_USB_PD_BOB_R21/debug/_ext/1666088709/generic_timer.o
 .debug_abbrev    0x0020aa        0x1c8 build/00173_USB_PD_BOB_R21/debug/_ext/1666088709/int_globals.o
 .debug_abbrev    0x002272        0x12b build/00173_USB_PD_BOB_R21/debug/_ext/1666088709/pd_main.o
 .debug_abbrev    0x00239d        0x2a4 build/00173_USB_PD_BOB_R21/debug/_ext/1666088709/policy_engine.o
 .debug_abbrev    0x002641         0x1f build/00173_USB_PD_BOB_R21/debug/_ext/1666088709/policy_engine_fwup.o
 .debug_abbrev    0x002660         0x1f build/00173_USB_PD_BOB_R21/debug/_ext/1666088709/policy_engine_snk.o
 .debug_abbrev    0x00267f        0x184 build/00173_USB_PD_BOB_R21/debug/_ext/1666088709/policy_engine_src.o
 .debug_abbrev    0x002803        0x2c5 build/00173_USB_PD_BOB_R21/debug/_ext/1666088709/policy_manager.o
 .debug_abbrev    0x002ac8        0x2c1 build/00173_USB_PD_BOB_R21/debug/_ext/1666088709/protocol_layer.o
 .debug_abbrev    0x002d89        0x25f build/00173_USB_PD_BOB_R21/debug/_ext/1666088709/typeC_control.o
 .debug_abbrev    0x002fe8        0x19c build/00173_USB_PD_BOB_R21/debug/_ext/1666088709/upd_hw.o
 .debug_abbrev    0x003184         0x8d build/00173_USB_PD_BOB_R21/debug/_ext/1666088709/upd_interrupts.o
 .debug_abbrev    0x003211        0x300 build/00173_USB_PD_BOB_R21/debug/_ext/481295256/hook_functions.o
 .debug_abbrev    0x003511        0x164 build/00173_USB_PD_BOB_R21/debug/_ext/481295256/thermal_power_management.o
 .debug_abbrev    0x003675         0x4a build/00173_USB_PD_BOB_R21/debug/_ext/1838571682/task_Idle.o
 .debug_abbrev    0x0036bf        0x135 build/00173_USB_PD_BOB_R21/debug/_ext/1838571682/task_PDStack.o
 .debug_abbrev    0x0037f4        0x2a7 build/00173_USB_PD_BOB_R21/debug/_ext/1838571682/task_PowerControl.o
 .debug_abbrev    0x003a9b        0x1fb build/00173_USB_PD_BOB_R21/debug/_ext/1838571682/task_DebugUART.o
 .debug_abbrev    0x003c96         0x1f build/00173_USB_PD_BOB_R21/debug/_ext/659850787/apl.o
 .debug_abbrev    0x003cb5         0x1f build/00173_USB_PD_BOB_R21/debug/_ext/659857049/hal.o
 .debug_abbrev    0x003cd4          0x1 build/00173_USB_PD_BOB_R21/debug/_ext/391766742/config_bits_P33CH.o
 .debug_abbrev    0x003cd5         0x1f build/00173_USB_PD_BOB_R21/debug/_ext/391766742/config_bits_P33CK.o
 .debug_abbrev    0x003cf4         0xbf build/00173_USB_PD_BOB_R21/debug/_ext/1171588148/init_dsp.o
 .debug_abbrev    0x003db3         0x88 build/00173_USB_PD_BOB_R21/debug/_ext/1171588148/init_fosc.o
 .debug_abbrev    0x003e3b         0x4a build/00173_USB_PD_BOB_R21/debug/_ext/1171588148/init_gpio.o
 .debug_abbrev    0x003e85        0x12c build/00173_USB_PD_BOB_R21/debug/_ext/1171588148/init_irq.o
 .debug_abbrev    0x003fb1        0x101 build/00173_USB_PD_BOB_R21/debug/_ext/1171588148/init_timer.o
 .debug_abbrev    0x0040b2         0x1f build/00173_USB_PD_BOB_R21/debug/_ext/1019117317/mcal.o
 .debug_abbrev    0x0040d1         0x1f build/00173_USB_PD_BOB_R21/debug/_ext/659867775/sfl.o
 .debug_abbrev    0x0040f0         0x36 build/00173_USB_PD_BOB_R21/debug/_ext/1360937237/main.o
 .debug_abbrev    0x004126        0x1bf ..\..\plib\p33SMPS_mcal.X\dist\__P33SMPS_CK__\debug\p33SMPS_mcal.X.a(p33SMPS_hsadc.o)
 .debug_abbrev    0x0042e5        0x1ca ..\..\plib\p33SMPS_mcal.X\dist\__P33SMPS_CK__\debug\p33SMPS_mcal.X.a(p33SMPS_oscillator.o)
 .debug_abbrev    0x0044af        0x165 ..\..\plib\p33SMPS_mcal.X\dist\__P33SMPS_CK__\debug\p33SMPS_mcal.X.a(p33SMPS_timer.o)
 .debug_abbrev    0x004614         0xd3 ..\..\plib\p33SMPS_mcal.X\dist\__P33SMPS_CK__\debug\p33SMPS_mcal.X.a(p33SMPS_pmd.o)
 .debug_abbrev    0x0046e7        0x132 ..\..\plib\p33SMPS_mcal.X\dist\__P33SMPS_CK__\debug\p33SMPS_mcal.X.a(p33SMPS_pps.o)
 .debug_abbrev    0x004819        0x1ee ..\..\plib\p33SMPS_mcal.X\dist\__P33SMPS_CK__\debug\p33SMPS_mcal.X.a(p33SMPS_irq.o)
 .debug_abbrev    0x004a07         0xf4 ..\..\plib\p33SMPS_mcal.X\dist\__P33SMPS_CK__\debug\p33SMPS_mcal.X.a(p33SMPS_gpio.o)
 .debug_abbrev    0x004afb        0x1ce ..\..\plib\p33SMPS_mcal.X\dist\__P33SMPS_CK__\debug\p33SMPS_mcal.X.a(p33SMPS_uart.o)
 .debug_abbrev    0x004cc9        0x21d ..\..\plib\p33SMPS_mcal.X\dist\__P33SMPS_CK__\debug\p33SMPS_mcal.X.a(p33SMPS_hspwm_c.o)
 .debug_abbrev    0x004ee6        0x128 ..\..\plib\p33SMPS_mcal.X\dist\__P33SMPS_CK__\debug\p33SMPS_mcal.X.a(p33SMPS_crc.o)

.debug_line       0x000000       0x81c6
 *(.debug_line)
 .debug_line      0x000000        0x54f build/00173_USB_PD_BOB_R21/debug/_ext/949971983/fdrv_FaultHandler.o
 .debug_line      0x00054f        0x1eb build/00173_USB_PD_BOB_R21/debug/_ext/949971983/fdrv_TrapHandler.o
 .debug_line      0x00073a        0x1e0 build/00173_USB_PD_BOB_R21/debug/_ext/949971983/fdrv_FaultObjects.o
 .debug_line      0x00091a        0x10e build/00173_USB_PD_BOB_R21/debug/_ext/949971983/os_Initialize.o
 .debug_line      0x000a28        0x1e7 build/00173_USB_PD_BOB_R21/debug/_ext/949971983/os_Scheduler.o
 .debug_line      0x000c0f        0x2a9 build/00173_USB_PD_BOB_R21/debug/_ext/949971983/os_TaskManager.o
 .debug_line      0x000eb8         0xa6 build/00173_USB_PD_BOB_R21/debug/_ext/687227054/UserStartupCode.o
 .debug_line      0x000f5e         0xde build/00173_USB_PD_BOB_R21/debug/_ext/687227054/UserAppManager.o
 .debug_line      0x00103c        0x32d build/00173_USB_PD_BOB_R21/debug/_ext/687227054/UserFaultObjects.o
 .debug_line      0x001369         0xcc build/00173_USB_PD_BOB_R21/debug/_ext/687227054/UserTasks.o
 .debug_line      0x001435        0x3f0 build/00173_USB_PD_BOB_R21/debug/_ext/1515990320/smpsDebugUART.o
 .debug_line      0x001825         0xfd build/00173_USB_PD_BOB_R21/debug/_ext/1515990320/smpsDebugUART_UserCID.o
 .debug_line      0x001922        0x188 build/00173_USB_PD_BOB_R21/debug/_ext/92048113/debug_uart.o
 .debug_line      0x001aaa        0x15f build/00173_USB_PD_BOB_R21/debug/_ext/2109991248/upd_timer.o
 .debug_line      0x001c09        0x313 build/00173_USB_PD_BOB_R21/debug/_ext/553671219/c4swbb_control.o
 .debug_line      0x001f1c        0x2b3 build/00173_USB_PD_BOB_R21/debug/_ext/553671219/c4swbb_pconfig.o
 .debug_line      0x0021cf        0x162 build/00173_USB_PD_BOB_R21/debug/_ext/553671219/cha_iloop.o
 .debug_line      0x002331        0x162 build/00173_USB_PD_BOB_R21/debug/_ext/553671219/cha_vloop.o
 .debug_line      0x002493        0x162 build/00173_USB_PD_BOB_R21/debug/_ext/553671219/chb_iloop.o
 .debug_line      0x0025f5        0x162 build/00173_USB_PD_BOB_R21/debug/_ext/553671219/chb_vloop.o
 .debug_line      0x002757         0x8d build/00173_USB_PD_BOB_R21/debug/_ext/553671219/c4swbb_write_pwm.o
 .debug_line      0x0027e4         0xbd build/00173_USB_PD_BOB_R21/debug/_ext/553671219/cha_iloop_asm.o
 .debug_line      0x0028a1         0xbd build/00173_USB_PD_BOB_R21/debug/_ext/553671219/cha_vloop_asm.o
 .debug_line      0x00295e         0xbd build/00173_USB_PD_BOB_R21/debug/_ext/553671219/chb_iloop_asm.o
 .debug_line      0x002a1b         0xbd build/00173_USB_PD_BOB_R21/debug/_ext/553671219/chb_vloop_asm.o
 .debug_line      0x002ad8        0x1d6 build/00173_USB_PD_BOB_R21/debug/_ext/1494078692/spi2.o
 .debug_line      0x002cae        0x101 build/00173_USB_PD_BOB_R21/debug/_ext/1666088709/cfg_globals.o
 .debug_line      0x002daf         0x6a build/00173_USB_PD_BOB_R21/debug/_ext/1666088709/debug.o
 .debug_line      0x002e19        0x24e build/00173_USB_PD_BOB_R21/debug/_ext/1666088709/generic_timer.o
 .debug_line      0x003067         0xf8 build/00173_USB_PD_BOB_R21/debug/_ext/1666088709/int_globals.o
 .debug_line      0x00315f        0x17a build/00173_USB_PD_BOB_R21/debug/_ext/1666088709/pd_main.o
 .debug_line      0x0032d9        0x5ad build/00173_USB_PD_BOB_R21/debug/_ext/1666088709/policy_engine.o
 .debug_line      0x003886         0x1a build/00173_USB_PD_BOB_R21/debug/_ext/1666088709/policy_engine_fwup.o
 .debug_line      0x0038a0         0x1a build/00173_USB_PD_BOB_R21/debug/_ext/1666088709/policy_engine_snk.o
 .debug_line      0x0038ba        0x444 build/00173_USB_PD_BOB_R21/debug/_ext/1666088709/policy_engine_src.o
 .debug_line      0x003cfe        0x25e build/00173_USB_PD_BOB_R21/debug/_ext/1666088709/policy_manager.o
 .debug_line      0x003f5c        0x719 build/00173_USB_PD_BOB_R21/debug/_ext/1666088709/protocol_layer.o
 .debug_line      0x004675        0x924 build/00173_USB_PD_BOB_R21/debug/_ext/1666088709/typeC_control.o
 .debug_line      0x004f99        0x345 build/00173_USB_PD_BOB_R21/debug/_ext/1666088709/upd_hw.o
 .debug_line      0x0052de        0x11c build/00173_USB_PD_BOB_R21/debug/_ext/1666088709/upd_interrupts.o
 .debug_line      0x0053fa        0x34a build/00173_USB_PD_BOB_R21/debug/_ext/481295256/hook_functions.o
 .debug_line      0x005744        0x24f build/00173_USB_PD_BOB_R21/debug/_ext/481295256/thermal_power_management.o
 .debug_line      0x005993         0x9f build/00173_USB_PD_BOB_R21/debug/_ext/1838571682/task_Idle.o
 .debug_line      0x005a32        0x18e build/00173_USB_PD_BOB_R21/debug/_ext/1838571682/task_PDStack.o
 .debug_line      0x005bc0        0x4ec build/00173_USB_PD_BOB_R21/debug/_ext/1838571682/task_PowerControl.o
 .debug_line      0x0060ac        0x259 build/00173_USB_PD_BOB_R21/debug/_ext/1838571682/task_DebugUART.o
 .debug_line      0x006305         0x1a build/00173_USB_PD_BOB_R21/debug/_ext/659850787/apl.o
 .debug_line      0x00631f         0x1a build/00173_USB_PD_BOB_R21/debug/_ext/659857049/hal.o
 .debug_line      0x006339         0x1a build/00173_USB_PD_BOB_R21/debug/_ext/391766742/config_bits_P33CH.o
 .debug_line      0x006353         0x1a build/00173_USB_PD_BOB_R21/debug/_ext/391766742/config_bits_P33CK.o
 .debug_line      0x00636d        0x181 build/00173_USB_PD_BOB_R21/debug/_ext/1171588148/init_dsp.o
 .debug_line      0x0064ee        0x101 build/00173_USB_PD_BOB_R21/debug/_ext/1171588148/init_fosc.o
 .debug_line      0x0065ef         0xa9 build/00173_USB_PD_BOB_R21/debug/_ext/1171588148/init_gpio.o
 .debug_line      0x006698         0xf7 build/00173_USB_PD_BOB_R21/debug/_ext/1171588148/init_irq.o
 .debug_line      0x00678f        0x14f build/00173_USB_PD_BOB_R21/debug/_ext/1171588148/init_timer.o
 .debug_line      0x0068de         0x1a build/00173_USB_PD_BOB_R21/debug/_ext/1019117317/mcal.o
 .debug_line      0x0068f8         0x1a build/00173_USB_PD_BOB_R21/debug/_ext/659867775/sfl.o
 .debug_line      0x006912         0x40 build/00173_USB_PD_BOB_R21/debug/_ext/1360937237/main.o
 .debug_line      0x006952        0x358 ..\..\plib\p33SMPS_mcal.X\dist\__P33SMPS_CK__\debug\p33SMPS_mcal.X.a(p33SMPS_hsadc.o)
 .debug_line      0x006caa        0x268 ..\..\plib\p33SMPS_mcal.X\dist\__P33SMPS_CK__\debug\p33SMPS_mcal.X.a(p33SMPS_oscillator.o)
 .debug_line      0x006f12        0x21d ..\..\plib\p33SMPS_mcal.X\dist\__P33SMPS_CK__\debug\p33SMPS_mcal.X.a(p33SMPS_timer.o)
 .debug_line      0x00712f        0x146 ..\..\plib\p33SMPS_mcal.X\dist\__P33SMPS_CK__\debug\p33SMPS_mcal.X.a(p33SMPS_pmd.o)
 .debug_line      0x007275        0x195 ..\..\plib\p33SMPS_mcal.X\dist\__P33SMPS_CK__\debug\p33SMPS_mcal.X.a(p33SMPS_pps.o)
 .debug_line      0x00740a        0x190 ..\..\plib\p33SMPS_mcal.X\dist\__P33SMPS_CK__\debug\p33SMPS_mcal.X.a(p33SMPS_irq.o)
 .debug_line      0x00759a        0x276 ..\..\plib\p33SMPS_mcal.X\dist\__P33SMPS_CK__\debug\p33SMPS_mcal.X.a(p33SMPS_gpio.o)
 .debug_line      0x007810        0x446 ..\..\plib\p33SMPS_mcal.X\dist\__P33SMPS_CK__\debug\p33SMPS_mcal.X.a(p33SMPS_uart.o)
 .debug_line      0x007c56        0x3cb ..\..\plib\p33SMPS_mcal.X\dist\__P33SMPS_CK__\debug\p33SMPS_mcal.X.a(p33SMPS_hspwm_c.o)
 .debug_line      0x008021        0x1a5 ..\..\plib\p33SMPS_mcal.X\dist\__P33SMPS_CK__\debug\p33SMPS_mcal.X.a(p33SMPS_crc.o)

.debug_frame      0x000000       0x2d90
 *(.debug_frame)
 .debug_frame     0x000000        0x120 build/00173_USB_PD_BOB_R21/debug/_ext/949971983/fdrv_FaultHandler.o
 .debug_frame     0x000120        0x1d4 build/00173_USB_PD_BOB_R21/debug/_ext/949971983/fdrv_TrapHandler.o
 .debug_frame     0x0002f4         0x80 build/00173_USB_PD_BOB_R21/debug/_ext/949971983/fdrv_FaultObjects.o
 .debug_frame     0x000374         0x8a build/00173_USB_PD_BOB_R21/debug/_ext/949971983/os_Initialize.o
 .debug_frame     0x0003fe         0x3a build/00173_USB_PD_BOB_R21/debug/_ext/949971983/os_Scheduler.o
 .debug_frame     0x000438         0x5a build/00173_USB_PD_BOB_R21/debug/_ext/949971983/os_TaskManager.o
 .debug_frame     0x000492         0x24 build/00173_USB_PD_BOB_R21/debug/_ext/687227054/UserStartupCode.o
 .debug_frame     0x0004b6         0x68 build/00173_USB_PD_BOB_R21/debug/_ext/687227054/UserAppManager.o
 .debug_frame     0x00051e        0x164 build/00173_USB_PD_BOB_R21/debug/_ext/687227054/UserFaultObjects.o
 .debug_frame     0x000682         0x54 build/00173_USB_PD_BOB_R21/debug/_ext/687227054/UserTasks.o
 .debug_frame     0x0006d6        0x14a build/00173_USB_PD_BOB_R21/debug/_ext/1515990320/smpsDebugUART.o
 .debug_frame     0x000820         0x30 build/00173_USB_PD_BOB_R21/debug/_ext/1515990320/smpsDebugUART_UserCID.o
 .debug_frame     0x000850         0x64 build/00173_USB_PD_BOB_R21/debug/_ext/92048113/debug_uart.o
 .debug_frame     0x0008b4         0x58 build/00173_USB_PD_BOB_R21/debug/_ext/2109991248/upd_timer.o
 .debug_frame     0x00090c         0x8a build/00173_USB_PD_BOB_R21/debug/_ext/553671219/c4swbb_control.o
 .debug_frame     0x000996        0x164 build/00173_USB_PD_BOB_R21/debug/_ext/553671219/c4swbb_pconfig.o
 .debug_frame     0x000afa         0x30 build/00173_USB_PD_BOB_R21/debug/_ext/553671219/cha_iloop.o
 .debug_frame     0x000b2a         0x30 build/00173_USB_PD_BOB_R21/debug/_ext/553671219/cha_vloop.o
 .debug_frame     0x000b5a         0x30 build/00173_USB_PD_BOB_R21/debug/_ext/553671219/chb_iloop.o
 .debug_frame     0x000b8a         0x30 build/00173_USB_PD_BOB_R21/debug/_ext/553671219/chb_vloop.o
 .debug_frame     0x000bba         0x8c build/00173_USB_PD_BOB_R21/debug/_ext/1494078692/spi2.o
 .debug_frame     0x000c46         0x24 build/00173_USB_PD_BOB_R21/debug/_ext/1666088709/cfg_globals.o
 .debug_frame     0x000c6a         0xa4 build/00173_USB_PD_BOB_R21/debug/_ext/1666088709/debug.o
 .debug_frame     0x000d0e         0x9c build/00173_USB_PD_BOB_R21/debug/_ext/1666088709/generic_timer.o
 .debug_frame     0x000daa         0x3e build/00173_USB_PD_BOB_R21/debug/_ext/1666088709/int_globals.o
 .debug_frame     0x000de8         0x96 build/00173_USB_PD_BOB_R21/debug/_ext/1666088709/pd_main.o
 .debug_frame     0x000e7e        0x1c4 build/00173_USB_PD_BOB_R21/debug/_ext/1666088709/policy_engine.o
 .debug_frame     0x001042         0x50 build/00173_USB_PD_BOB_R21/debug/_ext/1666088709/policy_engine_src.o
 .debug_frame     0x001092        0x222 build/00173_USB_PD_BOB_R21/debug/_ext/1666088709/policy_manager.o
 .debug_frame     0x0012b4        0x452 build/00173_USB_PD_BOB_R21/debug/_ext/1666088709/protocol_layer.o
 .debug_frame     0x001706        0x380 build/00173_USB_PD_BOB_R21/debug/_ext/1666088709/typeC_control.o
 .debug_frame     0x001a86        0x2bc build/00173_USB_PD_BOB_R21/debug/_ext/1666088709/upd_hw.o
 .debug_frame     0x001d42         0x36 build/00173_USB_PD_BOB_R21/debug/_ext/1666088709/upd_interrupts.o
 .debug_frame     0x001d78        0x290 build/00173_USB_PD_BOB_R21/debug/_ext/481295256/hook_functions.o
 .debug_frame     0x002008         0x90 build/00173_USB_PD_BOB_R21/debug/_ext/481295256/thermal_power_management.o
 .debug_frame     0x002098         0x24 build/00173_USB_PD_BOB_R21/debug/_ext/1838571682/task_Idle.o
 .debug_frame     0x0020bc         0x34 build/00173_USB_PD_BOB_R21/debug/_ext/1838571682/task_PDStack.o
 .debug_frame     0x0020f0        0x19c build/00173_USB_PD_BOB_R21/debug/_ext/1838571682/task_PowerControl.o
 .debug_frame     0x00228c         0x4c build/00173_USB_PD_BOB_R21/debug/_ext/1838571682/task_DebugUART.o
 .debug_frame     0x0022d8         0x24 build/00173_USB_PD_BOB_R21/debug/_ext/1171588148/init_dsp.o
 .debug_frame     0x0022fc         0x4c build/00173_USB_PD_BOB_R21/debug/_ext/1171588148/init_fosc.o
 .debug_frame     0x002348         0x24 build/00173_USB_PD_BOB_R21/debug/_ext/1171588148/init_gpio.o
 .debug_frame     0x00236c         0x30 build/00173_USB_PD_BOB_R21/debug/_ext/1171588148/init_irq.o
 .debug_frame     0x00239c         0x52 build/00173_USB_PD_BOB_R21/debug/_ext/1171588148/init_timer.o
 .debug_frame     0x0023ee         0x24 build/00173_USB_PD_BOB_R21/debug/_ext/1360937237/main.o
 .debug_frame     0x002412        0x1be ..\..\plib\p33SMPS_mcal.X\dist\__P33SMPS_CK__\debug\p33SMPS_mcal.X.a(p33SMPS_hsadc.o)
 .debug_frame     0x0025d0         0xbc ..\..\plib\p33SMPS_mcal.X\dist\__P33SMPS_CK__\debug\p33SMPS_mcal.X.a(p33SMPS_oscillator.o)
 .debug_frame     0x00268c         0xf4 ..\..\plib\p33SMPS_mcal.X\dist\__P33SMPS_CK__\debug\p33SMPS_mcal.X.a(p33SMPS_timer.o)
 .debug_frame     0x002780         0x30 ..\..\plib\p33SMPS_mcal.X\dist\__P33SMPS_CK__\debug\p33SMPS_mcal.X.a(p33SMPS_pmd.o)
 .debug_frame     0x0027b0         0xbc ..\..\plib\p33SMPS_mcal.X\dist\__P33SMPS_CK__\debug\p33SMPS_mcal.X.a(p33SMPS_pps.o)
 .debug_frame     0x00286c         0x84 ..\..\plib\p33SMPS_mcal.X\dist\__P33SMPS_CK__\debug\p33SMPS_mcal.X.a(p33SMPS_irq.o)
 .debug_frame     0x0028f0         0x84 ..\..\plib\p33SMPS_mcal.X\dist\__P33SMPS_CK__\debug\p33SMPS_mcal.X.a(p33SMPS_gpio.o)
 .debug_frame     0x002974        0x1e0 ..\..\plib\p33SMPS_mcal.X\dist\__P33SMPS_CK__\debug\p33SMPS_mcal.X.a(p33SMPS_uart.o)
 .debug_frame     0x002b54        0x1f0 ..\..\plib\p33SMPS_mcal.X\dist\__P33SMPS_CK__\debug\p33SMPS_mcal.X.a(p33SMPS_hspwm_c.o)
 .debug_frame     0x002d44         0x4c ..\..\plib\p33SMPS_mcal.X\dist\__P33SMPS_CK__\debug\p33SMPS_mcal.X.a(p33SMPS_crc.o)

.debug_str        0x000000       0x1ed0
 *(.debug_str)
 .debug_str       0x000000        0x13d build/00173_USB_PD_BOB_R21/debug/_ext/949971983/fdrv_FaultHandler.o
 .debug_str       0x00013d         0x1b build/00173_USB_PD_BOB_R21/debug/_ext/949971983/fdrv_TrapHandler.o
 .debug_str       0x000158         0xe9 build/00173_USB_PD_BOB_R21/debug/_ext/949971983/fdrv_FaultObjects.o
 .debug_str       0x000241         0x4c build/00173_USB_PD_BOB_R21/debug/_ext/949971983/os_Scheduler.o
 .debug_str       0x00028d        0x16d build/00173_USB_PD_BOB_R21/debug/_ext/949971983/os_TaskManager.o
 .debug_str       0x0003fa          0xc build/00173_USB_PD_BOB_R21/debug/_ext/687227054/UserAppManager.o
 .debug_str       0x000406        0x200 build/00173_USB_PD_BOB_R21/debug/_ext/687227054/UserFaultObjects.o
 .debug_str       0x000606         0x88 build/00173_USB_PD_BOB_R21/debug/_ext/687227054/UserTasks.o
 .debug_str       0x00068e         0x85 build/00173_USB_PD_BOB_R21/debug/_ext/1515990320/smpsDebugUART.o
 .debug_str       0x000713          0x6 build/00173_USB_PD_BOB_R21/debug/_ext/1515990320/smpsDebugUART_UserCID.o
 .debug_str       0x000719         0x58 build/00173_USB_PD_BOB_R21/debug/_ext/92048113/debug_uart.o
 .debug_str       0x000771         0x8a build/00173_USB_PD_BOB_R21/debug/_ext/2109991248/upd_timer.o
 .debug_str       0x0007fb         0x27 build/00173_USB_PD_BOB_R21/debug/_ext/553671219/c4swbb_control.o
 .debug_str       0x000822         0x73 build/00173_USB_PD_BOB_R21/debug/_ext/553671219/c4swbb_pconfig.o
 .debug_str       0x000895        0x132 build/00173_USB_PD_BOB_R21/debug/_ext/553671219/cha_iloop.o
 .debug_str       0x0009c7        0x132 build/00173_USB_PD_BOB_R21/debug/_ext/553671219/cha_vloop.o
 .debug_str       0x000af9        0x132 build/00173_USB_PD_BOB_R21/debug/_ext/553671219/chb_iloop.o
 .debug_str       0x000c2b        0x132 build/00173_USB_PD_BOB_R21/debug/_ext/553671219/chb_vloop.o
 .debug_str       0x000d5d         0xeb build/00173_USB_PD_BOB_R21/debug/_ext/1494078692/spi2.o
 .debug_str       0x000e48         0x17 build/00173_USB_PD_BOB_R21/debug/_ext/1666088709/debug.o
 .debug_str       0x000e5f         0x78 build/00173_USB_PD_BOB_R21/debug/_ext/1666088709/generic_timer.o
 .debug_str       0x000ed7         0x3c build/00173_USB_PD_BOB_R21/debug/_ext/1666088709/int_globals.o
 .debug_str       0x000f13         0x26 build/00173_USB_PD_BOB_R21/debug/_ext/1666088709/pd_main.o
 .debug_str       0x000f39         0x6e build/00173_USB_PD_BOB_R21/debug/_ext/1666088709/policy_engine.o
 .debug_str       0x000fa7         0x57 build/00173_USB_PD_BOB_R21/debug/_ext/1666088709/policy_engine_src.o
 .debug_str       0x000ffe         0xc8 build/00173_USB_PD_BOB_R21/debug/_ext/1666088709/policy_manager.o
 .debug_str       0x0010c6        0x18c build/00173_USB_PD_BOB_R21/debug/_ext/1666088709/protocol_layer.o
 .debug_str       0x001252         0xed build/00173_USB_PD_BOB_R21/debug/_ext/1666088709/typeC_control.o
 .debug_str       0x00133f         0x58 build/00173_USB_PD_BOB_R21/debug/_ext/1666088709/upd_hw.o
 .debug_str       0x001397         0x10 build/00173_USB_PD_BOB_R21/debug/_ext/1666088709/upd_interrupts.o
 .debug_str       0x0013a7         0xdb build/00173_USB_PD_BOB_R21/debug/_ext/481295256/hook_functions.o
 .debug_str       0x001482        0x13e build/00173_USB_PD_BOB_R21/debug/_ext/481295256/thermal_power_management.o
 .debug_str       0x0015c0         0x26 build/00173_USB_PD_BOB_R21/debug/_ext/1838571682/task_PDStack.o
 .debug_str       0x0015e6        0x357 build/00173_USB_PD_BOB_R21/debug/_ext/1838571682/task_PowerControl.o
 .debug_str       0x00193d         0x8b build/00173_USB_PD_BOB_R21/debug/_ext/1838571682/task_DebugUART.o
 .debug_str       0x0019c8          0xb build/00173_USB_PD_BOB_R21/debug/_ext/1171588148/init_dsp.o
 .debug_str       0x0019d3          0x6 build/00173_USB_PD_BOB_R21/debug/_ext/1171588148/init_irq.o
 .debug_str       0x0019d9         0x13 build/00173_USB_PD_BOB_R21/debug/_ext/1171588148/init_timer.o
 .debug_str       0x0019ec        0x191 ..\..\plib\p33SMPS_mcal.X\dist\__P33SMPS_CK__\debug\p33SMPS_mcal.X.a(p33SMPS_hsadc.o)
 .debug_str       0x001b7d         0x8b ..\..\plib\p33SMPS_mcal.X\dist\__P33SMPS_CK__\debug\p33SMPS_mcal.X.a(p33SMPS_oscillator.o)
 .debug_str       0x001c08         0x45 ..\..\plib\p33SMPS_mcal.X\dist\__P33SMPS_CK__\debug\p33SMPS_mcal.X.a(p33SMPS_timer.o)
 .debug_str       0x001c4d          0xb ..\..\plib\p33SMPS_mcal.X\dist\__P33SMPS_CK__\debug\p33SMPS_mcal.X.a(p33SMPS_pmd.o)
 .debug_str       0x001c58         0x15 ..\..\plib\p33SMPS_mcal.X\dist\__P33SMPS_CK__\debug\p33SMPS_mcal.X.a(p33SMPS_pps.o)
 .debug_str       0x001c6d         0x32 ..\..\plib\p33SMPS_mcal.X\dist\__P33SMPS_CK__\debug\p33SMPS_mcal.X.a(p33SMPS_irq.o)
 .debug_str       0x001c9f          0x9 ..\..\plib\p33SMPS_mcal.X\dist\__P33SMPS_CK__\debug\p33SMPS_mcal.X.a(p33SMPS_gpio.o)
 .debug_str       0x001ca8         0x81 ..\..\plib\p33SMPS_mcal.X\dist\__P33SMPS_CK__\debug\p33SMPS_mcal.X.a(p33SMPS_uart.o)
 .debug_str       0x001d29        0x16e ..\..\plib\p33SMPS_mcal.X\dist\__P33SMPS_CK__\debug\p33SMPS_mcal.X.a(p33SMPS_hspwm_c.o)
 .debug_str       0x001e97         0x39 ..\..\plib\p33SMPS_mcal.X\dist\__P33SMPS_CK__\debug\p33SMPS_mcal.X.a(p33SMPS_crc.o)

.debug_loc
 *(.debug_loc)

.debug_macinfo
 *(.debug_macinfo)

.debug_pubnames
                  0x000000       0x3893
 *(.debug_pubnames)
 .debug_pubnames
                  0x000000        0x103 build/00173_USB_PD_BOB_R21/debug/_ext/949971983/fdrv_FaultHandler.o
 .debug_pubnames
                  0x000103         0xd9 build/00173_USB_PD_BOB_R21/debug/_ext/949971983/fdrv_TrapHandler.o
 .debug_pubnames
                  0x0001dc        0x240 build/00173_USB_PD_BOB_R21/debug/_ext/949971983/fdrv_FaultObjects.o
 .debug_pubnames
                  0x00041c         0x60 build/00173_USB_PD_BOB_R21/debug/_ext/949971983/os_Initialize.o
 .debug_pubnames
                  0x00047c         0x5c build/00173_USB_PD_BOB_R21/debug/_ext/949971983/os_Scheduler.o
 .debug_pubnames
                  0x0004d8         0x75 build/00173_USB_PD_BOB_R21/debug/_ext/949971983/os_TaskManager.o
 .debug_pubnames
                  0x00054d         0x2d build/00173_USB_PD_BOB_R21/debug/_ext/687227054/UserStartupCode.o
 .debug_pubnames
                  0x00057a         0x77 build/00173_USB_PD_BOB_R21/debug/_ext/687227054/UserAppManager.o
 .debug_pubnames
                  0x0005f1        0x490 build/00173_USB_PD_BOB_R21/debug/_ext/687227054/UserFaultObjects.o
 .debug_pubnames
                  0x000a81        0x1f3 build/00173_USB_PD_BOB_R21/debug/_ext/687227054/UserTasks.o
 .debug_pubnames
                  0x000c74        0x152 build/00173_USB_PD_BOB_R21/debug/_ext/1515990320/smpsDebugUART.o
 .debug_pubnames
                  0x000dc6         0x33 build/00173_USB_PD_BOB_R21/debug/_ext/1515990320/smpsDebugUART_UserCID.o
 .debug_pubnames
                  0x000df9         0xb9 build/00173_USB_PD_BOB_R21/debug/_ext/92048113/debug_uart.o
 .debug_pubnames
                  0x000eb2         0x3b build/00173_USB_PD_BOB_R21/debug/_ext/2109991248/upd_timer.o
 .debug_pubnames
                  0x000eed         0x9d build/00173_USB_PD_BOB_R21/debug/_ext/553671219/c4swbb_control.o
 .debug_pubnames
                  0x000f8a        0x108 build/00173_USB_PD_BOB_R21/debug/_ext/553671219/c4swbb_pconfig.o
 .debug_pubnames
                  0x001092        0x18b build/00173_USB_PD_BOB_R21/debug/_ext/553671219/cha_iloop.o
 .debug_pubnames
                  0x00121d        0x18b build/00173_USB_PD_BOB_R21/debug/_ext/553671219/cha_vloop.o
 .debug_pubnames
                  0x0013a8        0x18b build/00173_USB_PD_BOB_R21/debug/_ext/553671219/chb_iloop.o
 .debug_pubnames
                  0x001533        0x18b build/00173_USB_PD_BOB_R21/debug/_ext/553671219/chb_vloop.o
 .debug_pubnames
                  0x0016be         0x95 build/00173_USB_PD_BOB_R21/debug/_ext/1494078692/spi2.o
 .debug_pubnames
                  0x001753         0xaa build/00173_USB_PD_BOB_R21/debug/_ext/1666088709/cfg_globals.o
 .debug_pubnames
                  0x0017fd         0x78 build/00173_USB_PD_BOB_R21/debug/_ext/1666088709/debug.o
 .debug_pubnames
                  0x001875         0x97 build/00173_USB_PD_BOB_R21/debug/_ext/1666088709/generic_timer.o
 .debug_pubnames
                  0x00190c         0xd4 build/00173_USB_PD_BOB_R21/debug/_ext/1666088709/int_globals.o
 .debug_pubnames
                  0x0019e0         0x5e build/00173_USB_PD_BOB_R21/debug/_ext/1666088709/pd_main.o
 .debug_pubnames
                  0x001a3e        0x225 build/00173_USB_PD_BOB_R21/debug/_ext/1666088709/policy_engine.o
 .debug_pubnames
                  0x001c63         0x2c build/00173_USB_PD_BOB_R21/debug/_ext/1666088709/policy_engine_src.o
 .debug_pubnames
                  0x001c8f        0x24b build/00173_USB_PD_BOB_R21/debug/_ext/1666088709/policy_manager.o
 .debug_pubnames
                  0x001eda        0x411 build/00173_USB_PD_BOB_R21/debug/_ext/1666088709/protocol_layer.o
 .debug_pubnames
                  0x0022eb        0x2ae build/00173_USB_PD_BOB_R21/debug/_ext/1666088709/typeC_control.o
 .debug_pubnames
                  0x002599        0x1cf build/00173_USB_PD_BOB_R21/debug/_ext/1666088709/upd_hw.o
 .debug_pubnames
                  0x002768         0x2b build/00173_USB_PD_BOB_R21/debug/_ext/1666088709/upd_interrupts.o
 .debug_pubnames
                  0x002793        0x271 build/00173_USB_PD_BOB_R21/debug/_ext/481295256/hook_functions.o
 .debug_pubnames
                  0x002a04        0x185 build/00173_USB_PD_BOB_R21/debug/_ext/481295256/thermal_power_management.o
 .debug_pubnames
                  0x002b89         0x20 build/00173_USB_PD_BOB_R21/debug/_ext/1838571682/task_Idle.o
 .debug_pubnames
                  0x002ba9         0x4f build/00173_USB_PD_BOB_R21/debug/_ext/1838571682/task_PDStack.o
 .debug_pubnames
                  0x002bf8        0x194 build/00173_USB_PD_BOB_R21/debug/_ext/1838571682/task_PowerControl.o
 .debug_pubnames
                  0x002d8c         0xa4 build/00173_USB_PD_BOB_R21/debug/_ext/1838571682/task_DebugUART.o
 .debug_pubnames
                  0x002e30         0x25 build/00173_USB_PD_BOB_R21/debug/_ext/1171588148/init_dsp.o
 .debug_pubnames
                  0x002e55         0x4d build/00173_USB_PD_BOB_R21/debug/_ext/1171588148/init_fosc.o
 .debug_pubnames
                  0x002ea2         0x26 build/00173_USB_PD_BOB_R21/debug/_ext/1171588148/init_gpio.o
 .debug_pubnames
                  0x002ec8         0x25 build/00173_USB_PD_BOB_R21/debug/_ext/1171588148/init_irq.o
 .debug_pubnames
                  0x002eed         0x3b build/00173_USB_PD_BOB_R21/debug/_ext/1171588148/init_timer.o
 .debug_pubnames
                  0x002f28         0x1b build/00173_USB_PD_BOB_R21/debug/_ext/1360937237/main.o
 .debug_pubnames
                  0x002f43        0x1fb ..\..\plib\p33SMPS_mcal.X\dist\__P33SMPS_CK__\debug\p33SMPS_mcal.X.a(p33SMPS_hsadc.o)
 .debug_pubnames
                  0x00313e         0xdb ..\..\plib\p33SMPS_mcal.X\dist\__P33SMPS_CK__\debug\p33SMPS_mcal.X.a(p33SMPS_oscillator.o)
 .debug_pubnames
                  0x003219         0xcd ..\..\plib\p33SMPS_mcal.X\dist\__P33SMPS_CK__\debug\p33SMPS_mcal.X.a(p33SMPS_timer.o)
 .debug_pubnames
                  0x0032e6         0x2f ..\..\plib\p33SMPS_mcal.X\dist\__P33SMPS_CK__\debug\p33SMPS_mcal.X.a(p33SMPS_pmd.o)
 .debug_pubnames
                  0x003315         0x98 ..\..\plib\p33SMPS_mcal.X\dist\__P33SMPS_CK__\debug\p33SMPS_mcal.X.a(p33SMPS_pps.o)
 .debug_pubnames
                  0x0033ad         0x95 ..\..\plib\p33SMPS_mcal.X\dist\__P33SMPS_CK__\debug\p33SMPS_mcal.X.a(p33SMPS_irq.o)
 .debug_pubnames
                  0x003442         0x75 ..\..\plib\p33SMPS_mcal.X\dist\__P33SMPS_CK__\debug\p33SMPS_mcal.X.a(p33SMPS_gpio.o)
 .debug_pubnames
                  0x0034b7        0x188 ..\..\plib\p33SMPS_mcal.X\dist\__P33SMPS_CK__\debug\p33SMPS_mcal.X.a(p33SMPS_uart.o)
 .debug_pubnames
                  0x00363f        0x208 ..\..\plib\p33SMPS_mcal.X\dist\__P33SMPS_CK__\debug\p33SMPS_mcal.X.a(p33SMPS_hspwm_c.o)
 .debug_pubnames
                  0x003847         0x4c ..\..\plib\p33SMPS_mcal.X\dist\__P33SMPS_CK__\debug\p33SMPS_mcal.X.a(p33SMPS_crc.o)

.debug_ranges
 *(.debug_ranges)

.debug_aranges    0x000000        0x818
 *(.debug_aranges)
 .debug_aranges
                  0x000000         0x18 build/00173_USB_PD_BOB_R21/debug/_ext/949971983/fdrv_FaultHandler.o
 .debug_aranges
                  0x000018         0x18 build/00173_USB_PD_BOB_R21/debug/_ext/949971983/fdrv_TrapHandler.o
 .debug_aranges
                  0x000030         0x18 build/00173_USB_PD_BOB_R21/debug/_ext/949971983/fdrv_FaultObjects.o
 .debug_aranges
                  0x000048         0x18 build/00173_USB_PD_BOB_R21/debug/_ext/949971983/os_Initialize.o
 .debug_aranges
                  0x000060         0x18 build/00173_USB_PD_BOB_R21/debug/_ext/949971983/os_Scheduler.o
 .debug_aranges
                  0x000078         0x18 build/00173_USB_PD_BOB_R21/debug/_ext/949971983/os_TaskManager.o
 .debug_aranges
                  0x000090         0x18 build/00173_USB_PD_BOB_R21/debug/_ext/687227054/UserStartupCode.o
 .debug_aranges
                  0x0000a8         0x18 build/00173_USB_PD_BOB_R21/debug/_ext/687227054/UserAppManager.o
 .debug_aranges
                  0x0000c0         0x18 build/00173_USB_PD_BOB_R21/debug/_ext/687227054/UserFaultObjects.o
 .debug_aranges
                  0x0000d8         0x18 build/00173_USB_PD_BOB_R21/debug/_ext/687227054/UserTasks.o
 .debug_aranges
                  0x0000f0         0x18 build/00173_USB_PD_BOB_R21/debug/_ext/1515990320/smpsDebugUART.o
 .debug_aranges
                  0x000108         0x18 build/00173_USB_PD_BOB_R21/debug/_ext/1515990320/smpsDebugUART_UserCID.o
 .debug_aranges
                  0x000120         0x18 build/00173_USB_PD_BOB_R21/debug/_ext/92048113/debug_uart.o
 .debug_aranges
                  0x000138         0x18 build/00173_USB_PD_BOB_R21/debug/_ext/2109991248/upd_timer.o
 .debug_aranges
                  0x000150         0x18 build/00173_USB_PD_BOB_R21/debug/_ext/553671219/c4swbb_control.o
 .debug_aranges
                  0x000168         0x18 build/00173_USB_PD_BOB_R21/debug/_ext/553671219/c4swbb_pconfig.o
 .debug_aranges
                  0x000180         0x18 build/00173_USB_PD_BOB_R21/debug/_ext/553671219/cha_iloop.o
 .debug_aranges
                  0x000198         0x18 build/00173_USB_PD_BOB_R21/debug/_ext/553671219/cha_vloop.o
 .debug_aranges
                  0x0001b0         0x18 build/00173_USB_PD_BOB_R21/debug/_ext/553671219/chb_iloop.o
 .debug_aranges
                  0x0001c8         0x18 build/00173_USB_PD_BOB_R21/debug/_ext/553671219/chb_vloop.o
 .debug_aranges
                  0x0001e0         0x18 build/00173_USB_PD_BOB_R21/debug/_ext/553671219/c4swbb_write_pwm.o
 .debug_aranges
                  0x0001f8         0x18 build/00173_USB_PD_BOB_R21/debug/_ext/553671219/cha_iloop_asm.o
 .debug_aranges
                  0x000210         0x18 build/00173_USB_PD_BOB_R21/debug/_ext/553671219/cha_vloop_asm.o
 .debug_aranges
                  0x000228         0x18 build/00173_USB_PD_BOB_R21/debug/_ext/553671219/chb_iloop_asm.o
 .debug_aranges
                  0x000240         0x18 build/00173_USB_PD_BOB_R21/debug/_ext/553671219/chb_vloop_asm.o
 .debug_aranges
                  0x000258         0x18 build/00173_USB_PD_BOB_R21/debug/_ext/1494078692/spi2.o
 .debug_aranges
                  0x000270         0x18 build/00173_USB_PD_BOB_R21/debug/_ext/1666088709/cfg_globals.o
 .debug_aranges
                  0x000288         0x18 build/00173_USB_PD_BOB_R21/debug/_ext/1666088709/debug.o
 .debug_aranges
                  0x0002a0         0x18 build/00173_USB_PD_BOB_R21/debug/_ext/1666088709/generic_timer.o
 .debug_aranges
                  0x0002b8         0x18 build/00173_USB_PD_BOB_R21/debug/_ext/1666088709/int_globals.o
 .debug_aranges
                  0x0002d0         0x18 build/00173_USB_PD_BOB_R21/debug/_ext/1666088709/pd_main.o
 .debug_aranges
                  0x0002e8         0x18 build/00173_USB_PD_BOB_R21/debug/_ext/1666088709/policy_engine.o
 .debug_aranges
                  0x000300         0x18 build/00173_USB_PD_BOB_R21/debug/_ext/1666088709/policy_engine_src.o
 .debug_aranges
                  0x000318         0x18 build/00173_USB_PD_BOB_R21/debug/_ext/1666088709/policy_manager.o
 .debug_aranges
                  0x000330         0x18 build/00173_USB_PD_BOB_R21/debug/_ext/1666088709/protocol_layer.o
 .debug_aranges
                  0x000348         0x18 build/00173_USB_PD_BOB_R21/debug/_ext/1666088709/typeC_control.o
 .debug_aranges
                  0x000360         0x18 build/00173_USB_PD_BOB_R21/debug/_ext/1666088709/upd_hw.o
 .debug_aranges
                  0x000378         0x18 build/00173_USB_PD_BOB_R21/debug/_ext/1666088709/upd_interrupts.o
 .debug_aranges
                  0x000390         0x18 build/00173_USB_PD_BOB_R21/debug/_ext/481295256/hook_functions.o
 .debug_aranges
                  0x0003a8         0x18 build/00173_USB_PD_BOB_R21/debug/_ext/481295256/thermal_power_management.o
 .debug_aranges
                  0x0003c0         0x18 build/00173_USB_PD_BOB_R21/debug/_ext/1838571682/task_Idle.o
 .debug_aranges
                  0x0003d8         0x18 build/00173_USB_PD_BOB_R21/debug/_ext/1838571682/task_PDStack.o
 .debug_aranges
                  0x0003f0         0x18 build/00173_USB_PD_BOB_R21/debug/_ext/1838571682/task_PowerControl.o
 .debug_aranges
                  0x000408         0x18 build/00173_USB_PD_BOB_R21/debug/_ext/1838571682/task_DebugUART.o
 .debug_aranges
                  0x000420         0x18 build/00173_USB_PD_BOB_R21/debug/_ext/1171588148/init_dsp.o
 .debug_aranges
                  0x000438         0x18 build/00173_USB_PD_BOB_R21/debug/_ext/1171588148/init_fosc.o
 .debug_aranges
                  0x000450         0x18 build/00173_USB_PD_BOB_R21/debug/_ext/1171588148/init_gpio.o
 .debug_aranges
                  0x000468         0x18 build/00173_USB_PD_BOB_R21/debug/_ext/1171588148/init_irq.o
 .debug_aranges
                  0x000480         0x18 build/00173_USB_PD_BOB_R21/debug/_ext/1171588148/init_timer.o
 .debug_aranges
                  0x000498         0x18 build/00173_USB_PD_BOB_R21/debug/_ext/1360937237/main.o
 .debug_aranges
                  0x0004b0         0x90 ..\..\plib\p33SMPS_mcal.X\dist\__P33SMPS_CK__\debug\p33SMPS_mcal.X.a(p33SMPS_hsadc.o)
 .debug_aranges
                  0x000540         0x48 ..\..\plib\p33SMPS_mcal.X\dist\__P33SMPS_CK__\debug\p33SMPS_mcal.X.a(p33SMPS_oscillator.o)
 .debug_aranges
                  0x000588         0x58 ..\..\plib\p33SMPS_mcal.X\dist\__P33SMPS_CK__\debug\p33SMPS_mcal.X.a(p33SMPS_timer.o)
 .debug_aranges
                  0x0005e0         0x20 ..\..\plib\p33SMPS_mcal.X\dist\__P33SMPS_CK__\debug\p33SMPS_mcal.X.a(p33SMPS_pmd.o)
 .debug_aranges
                  0x000600         0x48 ..\..\plib\p33SMPS_mcal.X\dist\__P33SMPS_CK__\debug\p33SMPS_mcal.X.a(p33SMPS_pps.o)
 .debug_aranges
                  0x000648         0x38 ..\..\plib\p33SMPS_mcal.X\dist\__P33SMPS_CK__\debug\p33SMPS_mcal.X.a(p33SMPS_irq.o)
 .debug_aranges
                  0x000680         0x38 ..\..\plib\p33SMPS_mcal.X\dist\__P33SMPS_CK__\debug\p33SMPS_mcal.X.a(p33SMPS_gpio.o)
 .debug_aranges
                  0x0006b8         0x98 ..\..\plib\p33SMPS_mcal.X\dist\__P33SMPS_CK__\debug\p33SMPS_mcal.X.a(p33SMPS_uart.o)
 .debug_aranges
                  0x000750         0xa0 ..\..\plib\p33SMPS_mcal.X\dist\__P33SMPS_CK__\debug\p33SMPS_mcal.X.a(p33SMPS_hspwm_c.o)
 .debug_aranges
                  0x0007f0         0x28 ..\..\plib\p33SMPS_mcal.X\dist\__P33SMPS_CK__\debug\p33SMPS_mcal.X.a(p33SMPS_crc.o)
                    0x0000                  WREG0 = 0x0
                    0x0000                  _WREG0 = 0x0
                    0x0002                  WREG1 = 0x2
                    0x0002                  _WREG1 = 0x2
                    0x0004                  WREG2 = 0x4
                    0x0004                  _WREG2 = 0x4
                    0x0006                  WREG3 = 0x6
                    0x0006                  _WREG3 = 0x6
                    0x0008                  WREG4 = 0x8
                    0x0008                  _WREG4 = 0x8
                    0x000a                  WREG5 = 0xa
                    0x000a                  _WREG5 = 0xa
                    0x000c                  WREG6 = 0xc
                    0x000c                  _WREG6 = 0xc
                    0x000e                  WREG7 = 0xe
                    0x000e                  _WREG7 = 0xe
                    0x0010                  WREG8 = 0x10
                    0x0010                  _WREG8 = 0x10
                    0x0012                  WREG9 = 0x12
                    0x0012                  _WREG9 = 0x12
                    0x0014                  WREG10 = 0x14
                    0x0014                  _WREG10 = 0x14
                    0x0016                  WREG11 = 0x16
                    0x0016                  _WREG11 = 0x16
                    0x0018                  WREG12 = 0x18
                    0x0018                  _WREG12 = 0x18
                    0x001a                  WREG13 = 0x1a
                    0x001a                  _WREG13 = 0x1a
                    0x001c                  WREG14 = 0x1c
                    0x001c                  _WREG14 = 0x1c
                    0x001e                  WREG15 = 0x1e
                    0x001e                  _WREG15 = 0x1e
                    0x0020                  SPLIM = 0x20
                    0x0020                  _SPLIM = 0x20
                    0x0022                  ACCAL = 0x22
                    0x0022                  _ACCAL = 0x22
                    0x0024                  ACCAH = 0x24
                    0x0024                  _ACCAH = 0x24
                    0x0026                  ACCAU = 0x26
                    0x0026                  _ACCAU = 0x26
                    0x0028                  ACCBL = 0x28
                    0x0028                  _ACCBL = 0x28
                    0x002a                  ACCBH = 0x2a
                    0x002a                  _ACCBH = 0x2a
                    0x002c                  ACCBU = 0x2c
                    0x002c                  _ACCBU = 0x2c
                    0x002e                  PCL = 0x2e
                    0x002e                  _PCL = 0x2e
                    0x0030                  PCH = 0x30
                    0x0030                  _PCH = 0x30
                    0x0032                  DSRPAG = 0x32
                    0x0032                  _DSRPAG = 0x32
                    0x0032                  _DSRPAGbits = 0x32
                    0x0034                  DSWPAG = 0x34
                    0x0034                  _DSWPAG = 0x34
                    0x0034                  _DSWPAGbits = 0x34
                    0x0036                  RCOUNT = 0x36
                    0x0036                  _RCOUNT = 0x36
                    0x0038                  DCOUNT = 0x38
                    0x0038                  _DCOUNT = 0x38
                    0x003a                  DOSTARTL = 0x3a
                    0x003a                  _DOSTARTL = 0x3a
                    0x003c                  DOSTARTH = 0x3c
                    0x003c                  _DOSTARTH = 0x3c
                    0x003e                  DOENDL = 0x3e
                    0x003e                  _DOENDL = 0x3e
                    0x0040                  DOENDH = 0x40
                    0x0040                  _DOENDH = 0x40
                    0x0042                  SR = 0x42
                    0x0042                  _SR = 0x42
                    0x0042                  _SRbits = 0x42
                    0x0044                  CORCON = 0x44
                    0x0044                  _CORCON = 0x44
                    0x0044                  _CORCONbits = 0x44
                    0x0046                  MODCON = 0x46
                    0x0046                  _MODCON = 0x46
                    0x0046                  _MODCONbits = 0x46
                    0x0048                  XMODSRT = 0x48
                    0x0048                  _XMODSRT = 0x48
                    0x004a                  XMODEND = 0x4a
                    0x004a                  _XMODEND = 0x4a
                    0x004c                  YMODSRT = 0x4c
                    0x004c                  _YMODSRT = 0x4c
                    0x004e                  YMODEND = 0x4e
                    0x004e                  _YMODEND = 0x4e
                    0x0050                  XBREV = 0x50
                    0x0050                  _XBREV = 0x50
                    0x0050                  _XBREVbits = 0x50
                    0x0052                  DISICNT = 0x52
                    0x0052                  _DISICNT = 0x52
                    0x0054                  TBLPAG = 0x54
                    0x0054                  _TBLPAG = 0x54
                    0x0054                  _TBLPAGbits = 0x54
                    0x0056                  YPAG = 0x56
                    0x0056                  _YPAG = 0x56
                    0x0056                  _YPAGbits = 0x56
                    0x0058                  MSTRPR = 0x58
                    0x0058                  _MSTRPR = 0x58
                    0x0058                  _MSTRPRbits = 0x58
                    0x005a                  CTXTSTAT = 0x5a
                    0x005a                  _CTXTSTAT = 0x5a
                    0x005a                  _CTXTSTATbits = 0x5a
                    0x005c                  DMTCON = 0x5c
                    0x005c                  _DMTCON = 0x5c
                    0x005c                  _DMTCONbits = 0x5c
                    0x0060                  DMTPRECLR = 0x60
                    0x0060                  _DMTPRECLR = 0x60
                    0x0060                  _DMTPRECLRbits = 0x60
                    0x0064                  DMTCLR = 0x64
                    0x0064                  _DMTCLR = 0x64
                    0x0064                  _DMTCLRbits = 0x64
                    0x0068                  DMTSTAT = 0x68
                    0x0068                  _DMTSTAT = 0x68
                    0x0068                  _DMTSTATbits = 0x68
                    0x006c                  DMTCNTL = 0x6c
                    0x006c                  _DMTCNTL = 0x6c
                    0x006e                  DMTCNTH = 0x6e
                    0x006e                  _DMTCNTH = 0x6e
                    0x0070                  DMTHOLDREG = 0x70
                    0x0070                  _DMTHOLDREG = 0x70
                    0x0074                  DMTPSCNTL = 0x74
                    0x0074                  _DMTPSCNTL = 0x74
                    0x0076                  DMTPSCNTH = 0x76
                    0x0076                  _DMTPSCNTH = 0x76
                    0x0078                  DMTPSINTVL = 0x78
                    0x0078                  _DMTPSINTVL = 0x78
                    0x007a                  DMTPSINTVH = 0x7a
                    0x007a                  _DMTPSINTVH = 0x7a
                    0x0080                  SENT1CON1 = 0x80
                    0x0080                  _SENT1CON1 = 0x80
                    0x0080                  _SENT1CON1bits = 0x80
                    0x0084                  SENT1CON2 = 0x84
                    0x0084                  _SENT1CON2 = 0x84
                    0x0088                  SENT1CON3 = 0x88
                    0x0088                  _SENT1CON3 = 0x88
                    0x008c                  SENT1STAT = 0x8c
                    0x008c                  _SENT1STAT = 0x8c
                    0x008c                  _SENT1STATbits = 0x8c
                    0x0090                  SENT1SYNC = 0x90
                    0x0090                  _SENT1SYNC = 0x90
                    0x0094                  SENT1DATL = 0x94
                    0x0094                  _SENT1DATL = 0x94
                    0x0094                  _SENT1DATLbits = 0x94
                    0x0096                  SENT1DATH = 0x96
                    0x0096                  _SENT1DATH = 0x96
                    0x0096                  _SENT1DATHbits = 0x96
                    0x0098                  SENT2CON1 = 0x98
                    0x0098                  _SENT2CON1 = 0x98
                    0x0098                  _SENT2CON1bits = 0x98
                    0x009c                  SENT2CON2 = 0x9c
                    0x009c                  _SENT2CON2 = 0x9c
                    0x00a0                  SENT2CON3 = 0xa0
                    0x00a0                  _SENT2CON3 = 0xa0
                    0x00a4                  SENT2STAT = 0xa4
                    0x00a4                  _SENT2STAT = 0xa4
                    0x00a4                  _SENT2STATbits = 0xa4
                    0x00a8                  SENT2SYNC = 0xa8
                    0x00a8                  _SENT2SYNC = 0xa8
                    0x00ac                  SENT2DATL = 0xac
                    0x00ac                  _SENT2DATL = 0xac
                    0x00ac                  _SENT2DATLbits = 0xac
                    0x00ae                  SENT2DATH = 0xae
                    0x00ae                  _SENT2DATH = 0xae
                    0x00ae                  _SENT2DATHbits = 0xae
                    0x00b0                  CRCCON1 = 0xb0
                    0x00b0                  _CRCCON1 = 0xb0
                    0x00b0                  _CRCCON1bits = 0xb0
                    0x00b0                  CRCCONL = 0xb0
                    0x00b0                  _CRCCONL = 0xb0
                    0x00b0                  _CRCCONLbits = 0xb0
                    0x00b2                  CRCCON2 = 0xb2
                    0x00b2                  _CRCCON2 = 0xb2
                    0x00b2                  _CRCCON2bits = 0xb2
                    0x00b2                  CRCCONH = 0xb2
                    0x00b2                  _CRCCONH = 0xb2
                    0x00b2                  _CRCCONHbits = 0xb2
                    0x00b4                  CRCXORL = 0xb4
                    0x00b4                  _CRCXORL = 0xb4
                    0x00b4                  _CRCXORLbits = 0xb4
                    0x00b6                  CRCXORH = 0xb6
                    0x00b6                  _CRCXORH = 0xb6
                    0x00b6                  _CRCXORHbits = 0xb6
                    0x00b8                  CRCDATL = 0xb8
                    0x00b8                  _CRCDATL = 0xb8
                    0x00ba                  CRCDATH = 0xba
                    0x00ba                  _CRCDATH = 0xba
                    0x00bc                  CRCWDATL = 0xbc
                    0x00bc                  _CRCWDATL = 0xbc
                    0x00be                  CRCWDATH = 0xbe
                    0x00be                  _CRCWDATH = 0xbe
                    0x00c0                  CLC1CONL = 0xc0
                    0x00c0                  _CLC1CONL = 0xc0
                    0x00c0                  _CLC1CONLbits = 0xc0
                    0x00c2                  CLC1CONH = 0xc2
                    0x00c2                  _CLC1CONH = 0xc2
                    0x00c2                  _CLC1CONHbits = 0xc2
                    0x00c4                  CLC1SEL = 0xc4
                    0x00c4                  _CLC1SEL = 0xc4
                    0x00c4                  _CLC1SELbits = 0xc4
                    0x00c4                  CLC1SELL = 0xc4
                    0x00c4                  _CLC1SELL = 0xc4
                    0x00c4                  _CLC1SELLbits = 0xc4
                    0x00c8                  CLC1GLSL = 0xc8
                    0x00c8                  _CLC1GLSL = 0xc8
                    0x00c8                  _CLC1GLSLbits = 0xc8
                    0x00ca                  CLC1GLSH = 0xca
                    0x00ca                  _CLC1GLSH = 0xca
                    0x00ca                  _CLC1GLSHbits = 0xca
                    0x00cc                  CLC2CONL = 0xcc
                    0x00cc                  _CLC2CONL = 0xcc
                    0x00cc                  _CLC2CONLbits = 0xcc
                    0x00ce                  CLC2CONH = 0xce
                    0x00ce                  _CLC2CONH = 0xce
                    0x00ce                  _CLC2CONHbits = 0xce
                    0x00d0                  CLC2SEL = 0xd0
                    0x00d0                  _CLC2SEL = 0xd0
                    0x00d0                  _CLC2SELbits = 0xd0
                    0x00d0                  CLC2SELL = 0xd0
                    0x00d0                  _CLC2SELL = 0xd0
                    0x00d0                  _CLC2SELLbits = 0xd0
                    0x00d4                  CLC2GLSL = 0xd4
                    0x00d4                  _CLC2GLSL = 0xd4
                    0x00d4                  _CLC2GLSLbits = 0xd4
                    0x00d6                  CLC2GLSH = 0xd6
                    0x00d6                  _CLC2GLSH = 0xd6
                    0x00d6                  _CLC2GLSHbits = 0xd6
                    0x00d8                  CLC3CONL = 0xd8
                    0x00d8                  _CLC3CONL = 0xd8
                    0x00d8                  _CLC3CONLbits = 0xd8
                    0x00da                  CLC3CONH = 0xda
                    0x00da                  _CLC3CONH = 0xda
                    0x00da                  _CLC3CONHbits = 0xda
                    0x00dc                  CLC3SEL = 0xdc
                    0x00dc                  _CLC3SEL = 0xdc
                    0x00dc                  _CLC3SELbits = 0xdc
                    0x00dc                  CLC3SELL = 0xdc
                    0x00dc                  _CLC3SELL = 0xdc
                    0x00dc                  _CLC3SELLbits = 0xdc
                    0x00e0                  CLC3GLSL = 0xe0
                    0x00e0                  _CLC3GLSL = 0xe0
                    0x00e0                  _CLC3GLSLbits = 0xe0
                    0x00e2                  CLC3GLSH = 0xe2
                    0x00e2                  _CLC3GLSH = 0xe2
                    0x00e2                  _CLC3GLSHbits = 0xe2
                    0x00e4                  CLC4CONL = 0xe4
                    0x00e4                  _CLC4CONL = 0xe4
                    0x00e4                  _CLC4CONLbits = 0xe4
                    0x00e6                  CLC4CONH = 0xe6
                    0x00e6                  _CLC4CONH = 0xe6
                    0x00e6                  _CLC4CONHbits = 0xe6
                    0x00e8                  CLC4SEL = 0xe8
                    0x00e8                  _CLC4SEL = 0xe8
                    0x00e8                  _CLC4SELbits = 0xe8
                    0x00e8                  CLC4SELL = 0xe8
                    0x00e8                  _CLC4SELL = 0xe8
                    0x00e8                  _CLC4SELLbits = 0xe8
                    0x00ec                  CLC4GLSL = 0xec
                    0x00ec                  _CLC4GLSL = 0xec
                    0x00ec                  _CLC4GLSLbits = 0xec
                    0x00ee                  CLC4GLSH = 0xee
                    0x00ee                  _CLC4GLSH = 0xee
                    0x00ee                  _CLC4GLSHbits = 0xee
                    0x00f0                  ECCCONL = 0xf0
                    0x00f0                  _ECCCONL = 0xf0
                    0x00f0                  _ECCCONLbits = 0xf0
                    0x00f2                  ECCCONH = 0xf2
                    0x00f2                  _ECCCONH = 0xf2
                    0x00f2                  _ECCCONHbits = 0xf2
                    0x00f4                  ECCADDRL = 0xf4
                    0x00f4                  _ECCADDRL = 0xf4
                    0x00f6                  ECCADDRH = 0xf6
                    0x00f6                  _ECCADDRH = 0xf6
                    0x00f8                  ECCSTATL = 0xf8
                    0x00f8                  _ECCSTATL = 0xf8
                    0x00f8                  _ECCSTATLbits = 0xf8
                    0x00fa                  ECCSTATH = 0xfa
                    0x00fa                  _ECCSTATH = 0xfa
                    0x00fa                  _ECCSTATHbits = 0xfa
                    0x0100                  T1CON = 0x100
                    0x0100                  _T1CON = 0x100
                    0x0100                  _T1CONbits = 0x100
                    0x0104                  TMR1 = 0x104
                    0x0104                  _TMR1 = 0x104
                    0x0108                  PR1 = 0x108
                    0x0108                  _PR1 = 0x108
                    0x0140                  QEI1CON = 0x140
                    0x0140                  _QEI1CON = 0x140
                    0x0140                  _QEI1CONbits = 0x140
                    0x0144                  QEI1IOC = 0x144
                    0x0144                  _QEI1IOC = 0x144
                    0x0144                  _QEI1IOCbits = 0x144
                    0x0146                  QEI1IOCH = 0x146
                    0x0146                  _QEI1IOCH = 0x146
                    0x0146                  _QEI1IOCHbits = 0x146
                    0x0148                  QEI1STAT = 0x148
                    0x0148                  _QEI1STAT = 0x148
                    0x0148                  _QEI1STATbits = 0x148
                    0x014c                  POS1CNTL = 0x14c
                    0x014c                  _POS1CNTL = 0x14c
                    0x014e                  POS1CNTH = 0x14e
                    0x014e                  _POS1CNTH = 0x14e
                    0x0152                  POS1HLD = 0x152
                    0x0152                  _POS1HLD = 0x152
                    0x0154                  VEL1CNT = 0x154
                    0x0154                  _VEL1CNT = 0x154
                    0x0156                  VEL1CNTH = 0x156
                    0x0156                  _VEL1CNTH = 0x156
                    0x015a                  VEL1HLD = 0x15a
                    0x015a                  _VEL1HLD = 0x15a
                    0x015c                  INT1TMRL = 0x15c
                    0x015c                  _INT1TMRL = 0x15c
                    0x015e                  INT1TMRH = 0x15e
                    0x015e                  _INT1TMRH = 0x15e
                    0x0160                  INT1HLDL = 0x160
                    0x0160                  _INT1HLDL = 0x160
                    0x0162                  INT1HLDH = 0x162
                    0x0162                  _INT1HLDH = 0x162
                    0x0164                  INDX1CNTL = 0x164
                    0x0164                  _INDX1CNTL = 0x164
                    0x0166                  INDX1CNTH = 0x166
                    0x0166                  _INDX1CNTH = 0x166
                    0x016a                  INDX1HLD = 0x16a
                    0x016a                  _INDX1HLD = 0x16a
                    0x016c                  QEI1GECL = 0x16c
                    0x016c                  _QEI1GECL = 0x16c
                    0x016c                  QEI1ICL = 0x16c
                    0x016c                  _QEI1ICL = 0x16c
                    0x016e                  QEI1GECH = 0x16e
                    0x016e                  _QEI1GECH = 0x16e
                    0x016e                  QEI1ICH = 0x16e
                    0x016e                  _QEI1ICH = 0x16e
                    0x0170                  QEI1LECL = 0x170
                    0x0170                  _QEI1LECL = 0x170
                    0x0172                  QEI1LECH = 0x172
                    0x0172                  _QEI1LECH = 0x172
                    0x0174                  QEI2CON = 0x174
                    0x0174                  _QEI2CON = 0x174
                    0x0174                  _QEI2CONbits = 0x174
                    0x0178                  QEI2IOC = 0x178
                    0x0178                  _QEI2IOC = 0x178
                    0x0178                  _QEI2IOCbits = 0x178
                    0x017a                  QEI2IOCH = 0x17a
                    0x017a                  _QEI2IOCH = 0x17a
                    0x017a                  _QEI2IOCHbits = 0x17a
                    0x017c                  QEI2STAT = 0x17c
                    0x017c                  _QEI2STAT = 0x17c
                    0x017c                  _QEI2STATbits = 0x17c
                    0x0180                  POS2CNTL = 0x180
                    0x0180                  _POS2CNTL = 0x180
                    0x0182                  POS2CNTH = 0x182
                    0x0182                  _POS2CNTH = 0x182
                    0x0186                  POS2HLD = 0x186
                    0x0186                  _POS2HLD = 0x186
                    0x0188                  VEL2CNT = 0x188
                    0x0188                  _VEL2CNT = 0x188
                    0x018a                  VEL2CNTH = 0x18a
                    0x018a                  _VEL2CNTH = 0x18a
                    0x018e                  VEL2HLD = 0x18e
                    0x018e                  _VEL2HLD = 0x18e
                    0x0190                  INT2TMRL = 0x190
                    0x0190                  _INT2TMRL = 0x190
                    0x0192                  INT2TMRH = 0x192
                    0x0192                  _INT2TMRH = 0x192
                    0x0194                  INT2HLDL = 0x194
                    0x0194                  _INT2HLDL = 0x194
                    0x0196                  INT2HLDH = 0x196
                    0x0196                  _INT2HLDH = 0x196
                    0x0198                  INDX2CNTL = 0x198
                    0x0198                  _INDX2CNTL = 0x198
                    0x019a                  INDX2CNTH = 0x19a
                    0x019a                  _INDX2CNTH = 0x19a
                    0x019e                  INDX2HLD = 0x19e
                    0x019e                  _INDX2HLD = 0x19e
                    0x01a0                  QEI2GECL = 0x1a0
                    0x01a0                  _QEI2GECL = 0x1a0
                    0x01a0                  QEI2ICL = 0x1a0
                    0x01a0                  _QEI2ICL = 0x1a0
                    0x01a2                  QEI2GECH = 0x1a2
                    0x01a2                  _QEI2GECH = 0x1a2
                    0x01a2                  QEI2ICH = 0x1a2
                    0x01a2                  _QEI2ICH = 0x1a2
                    0x01a4                  QEI2LECL = 0x1a4
                    0x01a4                  _QEI2LECL = 0x1a4
                    0x01a6                  QEI2LECH = 0x1a6
                    0x01a6                  _QEI2LECH = 0x1a6
                    0x0200                  I2C1CON1 = 0x200
                    0x0200                  _I2C1CON1 = 0x200
                    0x0200                  _I2C1CON1bits = 0x200
                    0x0200                  I2C1CONL = 0x200
                    0x0200                  _I2C1CONL = 0x200
                    0x0200                  _I2C1CONLbits = 0x200
                    0x0202                  I2C1CON2 = 0x202
                    0x0202                  _I2C1CON2 = 0x202
                    0x0202                  _I2C1CON2bits = 0x202
                    0x0202                  I2C1CONH = 0x202
                    0x0202                  _I2C1CONH = 0x202
                    0x0202                  _I2C1CONHbits = 0x202
                    0x0204                  I2C1STAT = 0x204
                    0x0204                  _I2C1STAT = 0x204
                    0x0204                  _I2C1STATbits = 0x204
                    0x0208                  I2C1ADD = 0x208
                    0x0208                  _I2C1ADD = 0x208
                    0x0208                  _I2C1ADDbits = 0x208
                    0x020c                  I2C1MSK = 0x20c
                    0x020c                  _I2C1MSK = 0x20c
                    0x020c                  _I2C1MSKbits = 0x20c
                    0x0210                  I2C1BRG = 0x210
                    0x0210                  _I2C1BRG = 0x210
                    0x0214                  I2C1TRN = 0x214
                    0x0214                  _I2C1TRN = 0x214
                    0x0214                  _I2C1TRNbits = 0x214
                    0x0218                  I2C1RCV = 0x218
                    0x0218                  _I2C1RCV = 0x218
                    0x0218                  _I2C1RCVbits = 0x218
                    0x021c                  I2C2CON1 = 0x21c
                    0x021c                  _I2C2CON1 = 0x21c
                    0x021c                  _I2C2CON1bits = 0x21c
                    0x021c                  I2C2CONL = 0x21c
                    0x021c                  _I2C2CONL = 0x21c
                    0x021c                  _I2C2CONLbits = 0x21c
                    0x021e                  I2C2CON2 = 0x21e
                    0x021e                  _I2C2CON2 = 0x21e
                    0x021e                  _I2C2CON2bits = 0x21e
                    0x021e                  I2C2CONH = 0x21e
                    0x021e                  _I2C2CONH = 0x21e
                    0x021e                  _I2C2CONHbits = 0x21e
                    0x0220                  I2C2STAT = 0x220
                    0x0220                  _I2C2STAT = 0x220
                    0x0220                  _I2C2STATbits = 0x220
                    0x0224                  I2C2ADD = 0x224
                    0x0224                  _I2C2ADD = 0x224
                    0x0224                  _I2C2ADDbits = 0x224
                    0x0228                  I2C2MSK = 0x228
                    0x0228                  _I2C2MSK = 0x228
                    0x0228                  _I2C2MSKbits = 0x228
                    0x022c                  I2C2BRG = 0x22c
                    0x022c                  _I2C2BRG = 0x22c
                    0x0230                  I2C2TRN = 0x230
                    0x0230                  _I2C2TRN = 0x230
                    0x0230                  _I2C2TRNbits = 0x230
                    0x0234                  I2C2RCV = 0x234
                    0x0234                  _I2C2RCV = 0x234
                    0x0234                  _I2C2RCVbits = 0x234
                    0x0238                  U1MODE = 0x238
                    0x0238                  _U1MODE = 0x238
                    0x0238                  _U1MODEbits = 0x238
                    0x023a                  U1MODEH = 0x23a
                    0x023a                  _U1MODEH = 0x23a
                    0x023a                  _U1MODEHbits = 0x23a
                    0x023c                  U1STA = 0x23c
                    0x023c                  _U1STA = 0x23c
                    0x023c                  _U1STAbits = 0x23c
                    0x023e                  U1STAH = 0x23e
                    0x023e                  _U1STAH = 0x23e
                    0x023e                  _U1STAHbits = 0x23e
                    0x0240                  U1BRG = 0x240
                    0x0240                  _U1BRG = 0x240
                    0x0240                  _U1BRGbits = 0x240
                    0x0242                  U1BRGH = 0x242
                    0x0242                  _U1BRGH = 0x242
                    0x0242                  _U1BRGHbits = 0x242
                    0x0244                  U1RXREG = 0x244
                    0x0244                  _U1RXREG = 0x244
                    0x0244                  _U1RXREGbits = 0x244
                    0x0248                  U1TXREG = 0x248
                    0x0248                  _U1TXREG = 0x248
                    0x0248                  _U1TXREGbits = 0x248
                    0x024c                  U1P1 = 0x24c
                    0x024c                  _U1P1 = 0x24c
                    0x024c                  _U1P1bits = 0x24c
                    0x024e                  U1P2 = 0x24e
                    0x024e                  _U1P2 = 0x24e
                    0x024e                  _U1P2bits = 0x24e
                    0x0250                  U1P3 = 0x250
                    0x0250                  _U1P3 = 0x250
                    0x0250                  _U1P3bits = 0x250
                    0x0252                  U1P3H = 0x252
                    0x0252                  _U1P3H = 0x252
                    0x0252                  _U1P3Hbits = 0x252
                    0x0254                  U1TXCHK = 0x254
                    0x0254                  _U1TXCHK = 0x254
                    0x0254                  _U1TXCHKbits = 0x254